Resuming person_api_core_test-module_v2.0.0 on existing plan ZN50UfHj87kYI ...

=== Module: person_api_core_test-module_v2.0.0 (plan person_v2) ===
  test_id=BjcERkaQeRmD4ZW
  [person_api_core_test-module_v2.0.0] status=CREATED result=None (0s)
  [person_api_core_test-module_v2.0.0] status=RUNNING result=None (5s)
  [person_api_core_test-module_v2.0.0] status=WAITING result=None (10s)

  ======================================================================
  >>> MANUAL INTERACTION REQUIRED for [person_api_core_test-module_v2.0.0]
  >>> Open in browser: https://auth.local/auth?request_uri=urn:ietf:params:oauth:request_uri:Yj-xG8J_zoAlfa1odcRN4BOsi-kUxHdPSL7rN5ubScF&client_id=client_one&redirect_uri=https://localhost.emobix.co.uk:8443/test/a/mock/callback&scope=openid%20insurance-person%20consent:urn:raidiaminsurance:19492138-05f2-4429-86a5-247eac5e012a&response_type=code%20id_token
  >>> Protocol: open the link ONCE, log in, select all
  >>> permissions and confirm, wait for the redirect (even if
  >>> the final landing page shows a connection error), then
  >>> come back here. Do NOT reload, reopen, or re-click the link:
  >>> a second hit on an already-used request_uri/interaction is
  >>> rejected by design and was the root cause of the earlier
  >>> INTERRUPTED/SessionNotFound failures.
  ======================================================================

  [person_api_core_test-module_v2.0.0] status=WAITING result=None (15s)
  [person_api_core_test-module_v2.0.0] status=WAITING result=None (20s)
  [person_api_core_test-module_v2.0.0] status=WAITING result=None (25s)
  [person_api_core_test-module_v2.0.0] status=WAITING result=None (31s)
  [person_api_core_test-module_v2.0.0] status=RUNNING result=None (39s)
  [person_api_core_test-module_v2.0.0] status=RUNNING result=None (45s)
  [person_api_core_test-module_v2.0.0] status=FINISHED result=FAILED (50s)
  log saved to C:\Users\lucia_csx8nlz\MockOPIN\thesis\results\experiment1\140ms\person_v2__person_api_core_test-module_v2.0.0_20260730T235749Z.json (1095 entries)
Collecting gateway metrics since 2026-07-30T21:48:10+00:00 ...
  93 gateway access-log entries captured
Metrics saved to C:\Users\lucia_csx8nlz\MockOPIN\thesis\results\experiment1\140ms\baseline_metrics.json
Report saved to C:\Users\lucia_csx8nlz\MockOPIN\thesis\results\experiment1\140ms\BASELINE_REPORT.md
