Latency scenario: 225ms -> results go to C:\Users\lucia_csx8nlz\MockOPIN\thesis\results\experiment1\225ms

############ Plan: Insurance consents api test V3.0.0 (alias=consents_v3) ############
plan_id=lYq2DFCnRwvKi

=== Module: opin-consents_api_preflight_test-module_v3 (plan consents_v3) ===
  test_id=O7b7y69QdfTPL6M
  [opin-consents_api_preflight_test-module_v3] status=CREATED result=None (0s)
  [opin-consents_api_preflight_test-module_v3] status=CREATED result=None (5s)
  [opin-consents_api_preflight_test-module_v3] status=FINISHED result=FAILED (10s)
  log saved to C:\Users\lucia_csx8nlz\MockOPIN\thesis\results\experiment1\225ms\consents_v3__opin-consents_api_preflight_test-module_v3_20260803T193415Z.json (69 entries)

=== Module: opin-consent-api-status-test-v3 (plan consents_v3) ===
  test_id=wqIMUyxOuYxW1Qz
  [opin-consent-api-status-test-v3] status=CREATED result=None (0s)
  [opin-consent-api-status-test-v3] status=RUNNING result=None (5s)
  [opin-consent-api-status-test-v3] status=WAITING result=None (10s)

  ======================================================================
  >>> MANUAL INTERACTION REQUIRED for [opin-consent-api-status-test-v3]
  >>> Open in browser: https://auth.local/auth?request_uri=urn:ietf:params:oauth:request_uri:QbfMDOkMT5LJ9CCGrUC_hZIarS7J43yxyVKKa4uYt9G&client_id=client_one&redirect_uri=https://localhost.emobix.co.uk:8443/test/a/mock/callback&scope=openid%20consents%20resources%20customers%20insurance-acceptance-and-branches-abroad%20insurance-auto%20insurance-financial-risk%20insurance-patrimonial%20insurance-responsibility%20consent:urn:raidiaminsurance:d3d5d1c1-469e-4463-b589-d76c85c775ab&response_type=code%20id_token
  >>> Protocol: open the link ONCE, log in, select all
  >>> permissions and confirm, wait for the redirect (even if
  >>> the final landing page shows a connection error), then
  >>> come back here. Do NOT reload, reopen, or re-click the link:
  >>> a second hit on an already-used request_uri/interaction is
  >>> rejected by design and was the root cause of the earlier
  >>> INTERRUPTED/SessionNotFound failures.
  ======================================================================

  [opin-consent-api-status-test-v3] status=WAITING result=None (15s)
  [opin-consent-api-status-test-v3] status=WAITING result=None (20s)
  [opin-consent-api-status-test-v3] status=WAITING result=None (25s)
  [opin-consent-api-status-test-v3] status=WAITING result=None (30s)
  [opin-consent-api-status-test-v3] status=RUNNING result=None (35s)
  [opin-consent-api-status-test-v3] status=RUNNING result=None (40s)
  [opin-consent-api-status-test-v3] status=FINISHED result=PASSED (45s)
  log saved to C:\Users\lucia_csx8nlz\MockOPIN\thesis\results\experiment1\225ms\consents_v3__opin-consent-api-status-test-v3_20260803T193501Z.json (477 entries)

############ Plan: person_test-plan_v2.0.0 (alias=person_v2) ############
plan_id=NOwiyEktHLBuk

=== Module: opin-consents_api_preflight_test-module_v3 (plan person_v2) ===
  test_id=rgkYeOzdRopWDF9
  [opin-consents_api_preflight_test-module_v3] status=CREATED result=None (0s)
  [opin-consents_api_preflight_test-module_v3] status=FINISHED result=FAILED (5s)
  log saved to C:\Users\lucia_csx8nlz\MockOPIN\thesis\results\experiment1\225ms\person_v2__opin-consents_api_preflight_test-module_v3_20260803T193506Z.json (71 entries)

=== Module: person_api_core_test-module_v2.0.0 (plan person_v2) ===
  test_id=5faVKiC6fYiM1bZ
  [person_api_core_test-module_v2.0.0] status=CREATED result=None (0s)
  [person_api_core_test-module_v2.0.0] status=RUNNING result=None (5s)
  [person_api_core_test-module_v2.0.0] status=WAITING result=None (10s)

  ======================================================================
  >>> MANUAL INTERACTION REQUIRED for [person_api_core_test-module_v2.0.0]
  >>> Open in browser: https://auth.local/auth?request_uri=urn:ietf:params:oauth:request_uri:0T9oGJupL8eEM5kwU3sYAinX4-9kDjkcNQwcU5HCqeK&client_id=client_one&redirect_uri=https://localhost.emobix.co.uk:8443/test/a/mock/callback&scope=openid%20insurance-person%20consent:urn:raidiaminsurance:f01748e3-1e0e-46da-a54b-43328f4ee66c&response_type=code%20id_token
  >>> Protocol: open the link ONCE, log in, select all
  >>> permissions and confirm, wait for the redirect (even if
  >>> the final landing page shows a connection error), then
  >>> come back here. Do NOT reload, reopen, or re-click the link:
  >>> a second hit on an already-used request_uri/interaction is
  >>> rejected by design and was the root cause of the earlier
  >>> INTERRUPTED/SessionNotFound failures.
  ======================================================================

  [person_api_core_test-module_v2.0.0] status=WAITING result=None (15s)
  [person_api_core_test-module_v2.0.0] status=WAITING result=None (20s)
  [person_api_core_test-module_v2.0.0] status=WAITING result=None (25s)
  [person_api_core_test-module_v2.0.0] status=WAITING result=None (30s)
  [person_api_core_test-module_v2.0.0] status=WAITING result=None (35s)
  [person_api_core_test-module_v2.0.0] status=RUNNING result=None (40s)
  [person_api_core_test-module_v2.0.0] status=RUNNING result=None (45s)
  [person_api_core_test-module_v2.0.0] status=RUNNING result=FAILED (50s)
  [person_api_core_test-module_v2.0.0] status=FINISHED result=FAILED (55s)
  log saved to C:\Users\lucia_csx8nlz\MockOPIN\thesis\results\experiment1\225ms\person_v2__person_api_core_test-module_v2.0.0_20260803T193602Z.json (1095 entries)

Collecting gateway handshake/OPIN-processing metrics...
  63 gateway access-log entries captured since 2026-08-03T19:34:05.472231+00:00

Metrics saved to C:\Users\lucia_csx8nlz\MockOPIN\thesis\results\experiment1\225ms\baseline_metrics.json
Report saved to C:\Users\lucia_csx8nlz\MockOPIN\thesis\results\experiment1\225ms\BASELINE_REPORT.md
