Latency scenario: 0ms -> results go to C:\Users\lucia_csx8nlz\MockOPIN\thesis\results\experiment1\0ms

############ Plan: Insurance consents api test V3.0.0 (alias=consents_v3) ############
plan_id=eJALJM8uaJytb

=== Module: opin-consents_api_preflight_test-module_v3 (plan consents_v3) ===
  test_id=lysKh490rHemMwB
  [opin-consents_api_preflight_test-module_v3] status=CREATED result=None (0s)
  [opin-consents_api_preflight_test-module_v3] status=FINISHED result=FAILED (5s)
  log saved to C:\Users\lucia_csx8nlz\MockOPIN\thesis\results\experiment1\0ms\consents_v3__opin-consents_api_preflight_test-module_v3_20260730T213345Z.json (71 entries)

=== Module: opin-consent-api-status-test-v3 (plan consents_v3) ===
  test_id=EE42RknPrlh6t0D
  [opin-consent-api-status-test-v3] status=CREATED result=None (0s)
  [opin-consent-api-status-test-v3] status=WAITING result=None (5s)

  ======================================================================
  >>> MANUAL INTERACTION REQUIRED for [opin-consent-api-status-test-v3]
  >>> Open in browser: https://auth.local/auth?request_uri=urn:ietf:params:oauth:request_uri:zssmMpc99N2BqEppv2x--PXYzQdLBaX12k1sj99YC_B&client_id=client_one&redirect_uri=https://localhost.emobix.co.uk:8443/test/a/mock/callback&scope=openid%20consents%20resources%20customers%20insurance-acceptance-and-branches-abroad%20insurance-auto%20insurance-financial-risk%20insurance-patrimonial%20insurance-responsibility%20consent:urn:raidiaminsurance:c101214c-bf31-4b28-b9e2-4ff092cb39fc&response_type=code%20id_token
  >>> Protocol: open the link ONCE, log in, select all
  >>> permissions and confirm, wait for the redirect (even if
  >>> the final landing page shows a connection error), then
  >>> come back here. Do NOT reload, reopen, or re-click the link:
  >>> a second hit on an already-used request_uri/interaction is
  >>> rejected by design and was the root cause of the earlier
  >>> INTERRUPTED/SessionNotFound failures.
  ======================================================================

  [opin-consent-api-status-test-v3] status=WAITING result=None (10s)
  [opin-consent-api-status-test-v3] status=WAITING result=None (15s)
  [opin-consent-api-status-test-v3] status=WAITING result=None (20s)
  [opin-consent-api-status-test-v3] status=WAITING result=None (25s)
  [opin-consent-api-status-test-v3] status=WAITING result=None (30s)
  [opin-consent-api-status-test-v3] status=WAITING result=None (35s)
  [opin-consent-api-status-test-v3] status=WAITING result=None (40s)
  [opin-consent-api-status-test-v3] status=WAITING result=None (45s)
  [opin-consent-api-status-test-v3] status=WAITING result=None (50s)
  [opin-consent-api-status-test-v3] status=FINISHED result=PASSED (55s)
  log saved to C:\Users\lucia_csx8nlz\MockOPIN\thesis\results\experiment1\0ms\consents_v3__opin-consent-api-status-test-v3_20260730T213441Z.json (477 entries)

############ Plan: person_test-plan_v2.0.0 (alias=person_v2) ############
plan_id=2ATwqFkFfzATt

=== Module: opin-consents_api_preflight_test-module_v3 (plan person_v2) ===
  test_id=OTZrCMGq5aK9Sqi
  [opin-consents_api_preflight_test-module_v3] status=CREATED result=None (0s)
  [opin-consents_api_preflight_test-module_v3] status=FINISHED result=FAILED (5s)
  log saved to C:\Users\lucia_csx8nlz\MockOPIN\thesis\results\experiment1\0ms\person_v2__opin-consents_api_preflight_test-module_v3_20260730T213446Z.json (69 entries)

=== Module: person_api_core_test-module_v2.0.0 (plan person_v2) ===
  test_id=0gSNfutPzcmVAhF
  [person_api_core_test-module_v2.0.0] status=CREATED result=None (0s)
  [person_api_core_test-module_v2.0.0] status=WAITING result=None (5s)

  ======================================================================
  >>> MANUAL INTERACTION REQUIRED for [person_api_core_test-module_v2.0.0]
  >>> Open in browser: https://auth.local/auth?request_uri=urn:ietf:params:oauth:request_uri:pVTbxgAhNOLfOYDwHaADJyzVx9DD4WaDW1kM5xesBcf&client_id=client_one&redirect_uri=https://localhost.emobix.co.uk:8443/test/a/mock/callback&scope=openid%20insurance-person%20consent:urn:raidiaminsurance:cd6b0bee-ad19-4d36-b137-6b47c063f20b&response_type=code%20id_token
  >>> Protocol: open the link ONCE, log in, select all
  >>> permissions and confirm, wait for the redirect (even if
  >>> the final landing page shows a connection error), then
  >>> come back here. Do NOT reload, reopen, or re-click the link:
  >>> a second hit on an already-used request_uri/interaction is
  >>> rejected by design and was the root cause of the earlier
  >>> INTERRUPTED/SessionNotFound failures.
  ======================================================================

  [person_api_core_test-module_v2.0.0] status=WAITING result=None (10s)
  [person_api_core_test-module_v2.0.0] status=WAITING result=None (15s)
  [person_api_core_test-module_v2.0.0] status=WAITING result=None (20s)
  [person_api_core_test-module_v2.0.0] status=WAITING result=None (25s)
  [person_api_core_test-module_v2.0.0] status=WAITING result=None (30s)
  [person_api_core_test-module_v2.0.0] status=WAITING result=None (35s)
  [person_api_core_test-module_v2.0.0] status=WAITING result=None (40s)
  [person_api_core_test-module_v2.0.0] status=WAITING result=None (45s)
  [person_api_core_test-module_v2.0.0] status=WAITING result=None (50s)
  [person_api_core_test-module_v2.0.0] status=WAITING result=None (55s)
  [person_api_core_test-module_v2.0.0] status=RUNNING result=None (60s)
  [person_api_core_test-module_v2.0.0] status=FINISHED result=FAILED (65s)
  log saved to C:\Users\lucia_csx8nlz\MockOPIN\thesis\results\experiment1\0ms\person_v2__person_api_core_test-module_v2.0.0_20260730T213552Z.json (1095 entries)

Collecting gateway handshake/OPIN-processing metrics...
  59 gateway access-log entries captured since 2026-07-30T21:33:40.087675+00:00

Metrics saved to C:\Users\lucia_csx8nlz\MockOPIN\thesis\results\experiment1\0ms\baseline_metrics.json
Report saved to C:\Users\lucia_csx8nlz\MockOPIN\thesis\results\experiment1\0ms\BASELINE_REPORT.md
