Latency scenario: 320ms -> results go to C:\Users\lucia_csx8nlz\MockOPIN\thesis\results\experiment1\320ms

############ Plan: Insurance consents api test V3.0.0 (alias=consents_v3) ############
plan_id=WgXdAw7BoZi5L

=== Module: opin-consents_api_preflight_test-module_v3 (plan consents_v3) ===
  test_id=wjiWvgT0zsFVYQD
  [opin-consents_api_preflight_test-module_v3] status=CREATED result=None (0s)
  [opin-consents_api_preflight_test-module_v3] status=CREATED result=None (5s)
  [opin-consents_api_preflight_test-module_v3] status=FINISHED result=FAILED (10s)
  log saved to C:\Users\lucia_csx8nlz\MockOPIN\thesis\results\experiment1\320ms\consents_v3__opin-consents_api_preflight_test-module_v3_20260731T000427Z.json (71 entries)

=== Module: opin-consent-api-status-test-v3 (plan consents_v3) ===
  test_id=InppmQE9dtqTL03
  [opin-consent-api-status-test-v3] status=CREATED result=None (0s)
  [opin-consent-api-status-test-v3] status=RUNNING result=None (5s)
  [opin-consent-api-status-test-v3] status=RUNNING result=None (10s)
  [opin-consent-api-status-test-v3] status=WAITING result=None (15s)

  ======================================================================
  >>> MANUAL INTERACTION REQUIRED for [opin-consent-api-status-test-v3]
  >>> Open in browser: https://auth.local/auth?request_uri=urn:ietf:params:oauth:request_uri:WiVVSBbn_NSYcrvonSaOYir6BGK8ahR6_X7ToTQhiWh&client_id=client_one&redirect_uri=https://localhost.emobix.co.uk:8443/test/a/mock/callback&scope=openid%20consents%20resources%20customers%20insurance-acceptance-and-branches-abroad%20insurance-auto%20insurance-financial-risk%20insurance-patrimonial%20insurance-responsibility%20consent:urn:raidiaminsurance:8b60a095-a283-456c-bfdc-a5df2d6de4ff&response_type=code%20id_token
  >>> Protocol: open the link ONCE, log in, select all
  >>> permissions and confirm, wait for the redirect (even if
  >>> the final landing page shows a connection error), then
  >>> come back here. Do NOT reload, reopen, or re-click the link:
  >>> a second hit on an already-used request_uri/interaction is
  >>> rejected by design and was the root cause of the earlier
  >>> INTERRUPTED/SessionNotFound failures.
  ======================================================================

  [opin-consent-api-status-test-v3] status=WAITING result=None (20s)
  [opin-consent-api-status-test-v3] status=WAITING result=None (25s)
  [opin-consent-api-status-test-v3] status=WAITING result=None (30s)
  [opin-consent-api-status-test-v3] status=WAITING result=None (35s)
  [opin-consent-api-status-test-v3] status=WAITING result=None (43s)
  [opin-consent-api-status-test-v3] status=WAITING result=None (49s)
  [opin-consent-api-status-test-v3] status=RUNNING result=None (55s)
  [opin-consent-api-status-test-v3] status=RUNNING result=None (60s)
  [opin-consent-api-status-test-v3] status=FINISHED result=PASSED (65s)
  log saved to C:\Users\lucia_csx8nlz\MockOPIN\thesis\results\experiment1\320ms\consents_v3__opin-consent-api-status-test-v3_20260731T000533Z.json (477 entries)

############ Plan: person_test-plan_v2.0.0 (alias=person_v2) ############
plan_id=TZpResnIJwIFY

=== Module: opin-consents_api_preflight_test-module_v3 (plan person_v2) ===
  test_id=No2bIuY0EokMfxR
  [opin-consents_api_preflight_test-module_v3] status=CREATED result=None (0s)
  [opin-consents_api_preflight_test-module_v3] status=CREATED result=None (5s)
  [opin-consents_api_preflight_test-module_v3] status=FINISHED result=FAILED (10s)
  log saved to C:\Users\lucia_csx8nlz\MockOPIN\thesis\results\experiment1\320ms\person_v2__opin-consents_api_preflight_test-module_v3_20260731T000543Z.json (71 entries)

=== Module: person_api_core_test-module_v2.0.0 (plan person_v2) ===
  test_id=UtoAB5hR2jX9qdM
  [person_api_core_test-module_v2.0.0] status=CREATED result=None (0s)
  [person_api_core_test-module_v2.0.0] status=RUNNING result=None (5s)
  [person_api_core_test-module_v2.0.0] status=RUNNING result=None (10s)
  [person_api_core_test-module_v2.0.0] status=WAITING result=None (15s)

  ======================================================================
  >>> MANUAL INTERACTION REQUIRED for [person_api_core_test-module_v2.0.0]
  >>> Open in browser: https://auth.local/auth?request_uri=urn:ietf:params:oauth:request_uri:3VXGeKPMmz-blIcOLsLD51n8uGeC5UzRwbVjaXHlpWv&client_id=client_one&redirect_uri=https://localhost.emobix.co.uk:8443/test/a/mock/callback&scope=openid%20insurance-person%20consent:urn:raidiaminsurance:8621a097-59ed-4abc-b678-1d09dec0ed83&response_type=code%20id_token
  >>> Protocol: open the link ONCE, log in, select all
  >>> permissions and confirm, wait for the redirect (even if
  >>> the final landing page shows a connection error), then
  >>> come back here. Do NOT reload, reopen, or re-click the link:
  >>> a second hit on an already-used request_uri/interaction is
  >>> rejected by design and was the root cause of the earlier
  >>> INTERRUPTED/SessionNotFound failures.
  ======================================================================

  [person_api_core_test-module_v2.0.0] status=WAITING result=None (20s)
  [person_api_core_test-module_v2.0.0] status=WAITING result=None (25s)
  [person_api_core_test-module_v2.0.0] status=WAITING result=None (31s)
  [person_api_core_test-module_v2.0.0] status=WAITING result=None (36s)
  [person_api_core_test-module_v2.0.0] status=WAITING result=None (43s)
  [person_api_core_test-module_v2.0.0] status=WAITING result=None (48s)
  [person_api_core_test-module_v2.0.0] status=WAITING result=None (55s)
  [person_api_core_test-module_v2.0.0] status=RUNNING result=None (61s)
  [person_api_core_test-module_v2.0.0] status=INTERRUPTED result=FAILED (68s)
  log saved to C:\Users\lucia_csx8nlz\MockOPIN\thesis\results\experiment1\320ms\person_v2__person_api_core_test-module_v2.0.0_20260731T000652Z.json (266 entries)

Collecting gateway handshake/OPIN-processing metrics...
  49 gateway access-log entries captured since 2026-07-31T00:04:16.622122+00:00

Metrics saved to C:\Users\lucia_csx8nlz\MockOPIN\thesis\results\experiment1\320ms\baseline_metrics.json
Report saved to C:\Users\lucia_csx8nlz\MockOPIN\thesis\results\experiment1\320ms\BASELINE_REPORT.md
