Latency scenario: 320ms -> results go to C:\Users\lucia_csx8nlz\MockOPIN\thesis\results\experiment1\320ms

############ Plan: Insurance consents api test V3.0.0 (alias=consents_v3) ############
plan_id=6IDtajcwjK1fL

=== Module: opin-consents_api_preflight_test-module_v3 (plan consents_v3) ===
  test_id=7KoUvG1iIwOKwHm
  [opin-consents_api_preflight_test-module_v3] status=CREATED result=None (0s)
  [opin-consents_api_preflight_test-module_v3] status=RUNNING result=FAILED (5s)
  [opin-consents_api_preflight_test-module_v3] status=FINISHED result=FAILED (10s)
  log saved to C:\Users\lucia_csx8nlz\MockOPIN\thesis\results\experiment1\320ms\consents_v3__opin-consents_api_preflight_test-module_v3_20260803T193632Z.json (69 entries)

=== Module: opin-consent-api-status-test-v3 (plan consents_v3) ===
  test_id=kjzprcfUYqcTXZK
  [opin-consent-api-status-test-v3] status=CREATED result=None (0s)
  [opin-consent-api-status-test-v3] status=RUNNING result=None (5s)
  [opin-consent-api-status-test-v3] status=RUNNING result=None (10s)
  [opin-consent-api-status-test-v3] status=RUNNING result=None (15s)
  [opin-consent-api-status-test-v3] status=WAITING result=None (20s)

  ======================================================================
  >>> MANUAL INTERACTION REQUIRED for [opin-consent-api-status-test-v3]
  >>> Open in browser: https://auth.local/auth?request_uri=urn:ietf:params:oauth:request_uri:JxiiZP-kVrNvDyyVgJDBjPs3eq5vg3NfBxuUDfnAAcO&client_id=client_one&redirect_uri=https://localhost.emobix.co.uk:8443/test/a/mock/callback&scope=openid%20consents%20resources%20customers%20insurance-acceptance-and-branches-abroad%20insurance-auto%20insurance-financial-risk%20insurance-patrimonial%20insurance-responsibility%20consent:urn:raidiaminsurance:f140b4e8-5455-4187-ae43-88f60779b09b&response_type=code%20id_token
  >>> Protocol: open the link ONCE, log in, select all
  >>> permissions and confirm, wait for the redirect (even if
  >>> the final landing page shows a connection error), then
  >>> come back here. Do NOT reload, reopen, or re-click the link:
  >>> a second hit on an already-used request_uri/interaction is
  >>> rejected by design and was the root cause of the earlier
  >>> INTERRUPTED/SessionNotFound failures.
  ======================================================================

  [opin-consent-api-status-test-v3] status=WAITING result=None (25s)
  [opin-consent-api-status-test-v3] status=WAITING result=None (30s)
  [opin-consent-api-status-test-v3] status=WAITING result=None (35s)
  [opin-consent-api-status-test-v3] status=WAITING result=None (40s)
  [opin-consent-api-status-test-v3] status=WAITING result=None (45s)
  [opin-consent-api-status-test-v3] status=WAITING result=None (50s)
  [opin-consent-api-status-test-v3] status=WAITING result=None (55s)
  [opin-consent-api-status-test-v3] status=WAITING result=None (60s)
  [opin-consent-api-status-test-v3] status=WAITING result=None (65s)
  [opin-consent-api-status-test-v3] status=WAITING result=None (70s)
  [opin-consent-api-status-test-v3] status=WAITING result=None (75s)
  [opin-consent-api-status-test-v3] status=WAITING result=None (80s)
  [opin-consent-api-status-test-v3] status=RUNNING result=None (85s)
  [opin-consent-api-status-test-v3] status=RUNNING result=None (90s)
  [opin-consent-api-status-test-v3] status=FINISHED result=PASSED (95s)
  log saved to C:\Users\lucia_csx8nlz\MockOPIN\thesis\results\experiment1\320ms\consents_v3__opin-consent-api-status-test-v3_20260803T193808Z.json (477 entries)

############ Plan: person_test-plan_v2.0.0 (alias=person_v2) ############
plan_id=WbyGnnlYzDITH

=== Module: opin-consents_api_preflight_test-module_v3 (plan person_v2) ===
  test_id=ubMPBTGbzRQCFtr
  [opin-consents_api_preflight_test-module_v3] status=CREATED result=None (0s)
  [opin-consents_api_preflight_test-module_v3] status=RUNNING result=FAILED (5s)
  [opin-consents_api_preflight_test-module_v3] status=FINISHED result=FAILED (10s)
  log saved to C:\Users\lucia_csx8nlz\MockOPIN\thesis\results\experiment1\320ms\person_v2__opin-consents_api_preflight_test-module_v3_20260803T193819Z.json (71 entries)

=== Module: person_api_core_test-module_v2.0.0 (plan person_v2) ===
  test_id=L9QoZNr5tu0xcCU
  [person_api_core_test-module_v2.0.0] status=CREATED result=None (0s)
  [person_api_core_test-module_v2.0.0] status=RUNNING result=None (5s)
  [person_api_core_test-module_v2.0.0] status=WAITING result=None (10s)

  ======================================================================
  >>> MANUAL INTERACTION REQUIRED for [person_api_core_test-module_v2.0.0]
  >>> Open in browser: https://auth.local/auth?request_uri=urn:ietf:params:oauth:request_uri:0HWXKMZVxesz8HLhGQvAITHzViGjSNAMOaADh4QGR7V&client_id=client_one&redirect_uri=https://localhost.emobix.co.uk:8443/test/a/mock/callback&scope=openid%20insurance-person%20consent:urn:raidiaminsurance:f1d09501-e5ef-4da6-95d2-3a4e1f43e69a&response_type=code%20id_token
  >>> Protocol: open the link ONCE, log in, select all
  >>> permissions and confirm, wait for the redirect (even if
  >>> the final landing page shows a connection error), then
  >>> come back here. Do NOT reload, reopen, or re-click the link:
  >>> a second hit on an already-used request_uri/interaction is
  >>> rejected by design and was the root cause of the earlier
  >>> INTERRUPTED/SessionNotFound failures.
  ======================================================================

  [person_api_core_test-module_v2.0.0] status=WAITING result=None (15s)
  [person_api_core_test-module_v2.0.0] status=WAITING result=None (20s)
  [person_api_core_test-module_v2.0.0] status=WAITING result=None (25s)
  [person_api_core_test-module_v2.0.0] status=WAITING result=None (30s)
  [person_api_core_test-module_v2.0.0] status=WAITING result=None (35s)
  [person_api_core_test-module_v2.0.0] status=WAITING result=None (40s)
  [person_api_core_test-module_v2.0.0] status=RUNNING result=None (45s)
  [person_api_core_test-module_v2.0.0] status=RUNNING result=None (50s)
  [person_api_core_test-module_v2.0.0] status=RUNNING result=None (55s)
  [person_api_core_test-module_v2.0.0] status=RUNNING result=FAILED (60s)
  [person_api_core_test-module_v2.0.0] status=FINISHED result=FAILED (65s)
  log saved to C:\Users\lucia_csx8nlz\MockOPIN\thesis\results\experiment1\320ms\person_v2__person_api_core_test-module_v2.0.0_20260803T193924Z.json (1095 entries)

Collecting gateway handshake/OPIN-processing metrics...
  57 gateway access-log entries captured since 2026-08-03T19:36:22.349908+00:00

Metrics saved to C:\Users\lucia_csx8nlz\MockOPIN\thesis\results\experiment1\320ms\baseline_metrics.json
Report saved to C:\Users\lucia_csx8nlz\MockOPIN\thesis\results\experiment1\320ms\BASELINE_REPORT.md
