Latency scenario: 140ms -> results go to C:\Users\lucia_csx8nlz\MockOPIN\thesis\results\experiment1\140ms

############ Plan: Insurance consents api test V3.0.0 (alias=consents_v3) ############
plan_id=fTvVy5c4NWxKd

=== Module: opin-consents_api_preflight_test-module_v3 (plan consents_v3) ===
  test_id=SrAcIy04hdLzqyc
  [opin-consents_api_preflight_test-module_v3] status=CREATED result=None (0s)
  [opin-consents_api_preflight_test-module_v3] status=FINISHED result=FAILED (5s)
  log saved to C:\Users\lucia_csx8nlz\MockOPIN\thesis\results\experiment1\140ms\consents_v3__opin-consents_api_preflight_test-module_v3_20260730T214835Z.json (71 entries)

=== Module: opin-consent-api-status-test-v3 (plan consents_v3) ===
  test_id=wf2idJoeCzcA58D
  [opin-consent-api-status-test-v3] status=CREATED result=None (0s)
  [opin-consent-api-status-test-v3] status=RUNNING result=None (5s)
  [opin-consent-api-status-test-v3] status=WAITING result=None (10s)

  ======================================================================
  >>> MANUAL INTERACTION REQUIRED for [opin-consent-api-status-test-v3]
  >>> Open in browser: https://auth.local/auth?request_uri=urn:ietf:params:oauth:request_uri:Q1D5zmLinzF0iopgR70O4ktPkmyEGL44aWc93_TSoSA&client_id=client_one&redirect_uri=https://localhost.emobix.co.uk:8443/test/a/mock/callback&scope=openid%20consents%20resources%20customers%20insurance-acceptance-and-branches-abroad%20insurance-auto%20insurance-financial-risk%20insurance-patrimonial%20insurance-responsibility%20consent:urn:raidiaminsurance:c45021ac-e015-4a2c-a840-88b19c5775a0&response_type=code%20id_token
  >>> Protocol: open the link ONCE, log in, select all
  >>> permissions and confirm, wait for the redirect (even if
  >>> the final landing page shows a connection error), then
  >>> come back here. Do NOT reload, reopen, or re-click the link:
  >>> a second hit on an already-used request_uri/interaction is
  >>> rejected by design and was the root cause of the earlier
  >>> INTERRUPTED/SessionNotFound failures.
  ======================================================================

  [opin-consent-api-status-test-v3] status=WAITING result=None (15s)
  [opin-consent-api-status-test-v3] status=WAITING result=None (20s)
  [opin-consent-api-status-test-v3] status=WAITING result=None (25s)
  [opin-consent-api-status-test-v3] status=WAITING result=None (30s)
  [opin-consent-api-status-test-v3] status=FINISHED result=PASSED (35s)
  log saved to C:\Users\lucia_csx8nlz\MockOPIN\thesis\results\experiment1\140ms\consents_v3__opin-consent-api-status-test-v3_20260730T214911Z.json (477 entries)

############ Plan: person_test-plan_v2.0.0 (alias=person_v2) ############
plan_id=ZN50UfHj87kYI

=== Module: opin-consents_api_preflight_test-module_v3 (plan person_v2) ===
  test_id=loz6kmb60e1Qrs1
  [opin-consents_api_preflight_test-module_v3] status=CREATED result=None (0s)
  [opin-consents_api_preflight_test-module_v3] status=FINISHED result=FAILED (5s)
  log saved to C:\Users\lucia_csx8nlz\MockOPIN\thesis\results\experiment1\140ms\person_v2__opin-consents_api_preflight_test-module_v3_20260730T214916Z.json (69 entries)

=== Module: person_api_core_test-module_v2.0.0 (plan person_v2) ===
  test_id=T8YLKXPx5Fh6QWF
  [person_api_core_test-module_v2.0.0] status=CREATED result=None (0s)
  [person_api_core_test-module_v2.0.0] status=WAITING result=None (5s)

  ======================================================================
  >>> MANUAL INTERACTION REQUIRED for [person_api_core_test-module_v2.0.0]
  >>> Open in browser: https://auth.local/auth?request_uri=urn:ietf:params:oauth:request_uri:wQwWRNrfdScp0DlHBDvu4s6UKRpQYCncoS5TAV2s2MG&client_id=client_one&redirect_uri=https://localhost.emobix.co.uk:8443/test/a/mock/callback&scope=openid%20insurance-person%20consent:urn:raidiaminsurance:f4a6fbcd-20f0-4941-ac64-1327be46e9e6&response_type=code%20id_token
  >>> Protocol: open the link ONCE, log in, select all
  >>> permissions and confirm, wait for the redirect (even if
  >>> the final landing page shows a connection error), then
  >>> come back here. Do NOT reload, reopen, or re-click the link:
  >>> a second hit on an already-used request_uri/interaction is
  >>> rejected by design and was the root cause of the earlier
  >>> INTERRUPTED/SessionNotFound failures.
  ======================================================================

  [person_api_core_test-module_v2.0.0] status=WAITING result=None (10s)
  [person_api_core_test-module_v2.0.0] status=WAITING result=None (15s)
  [person_api_core_test-module_v2.0.0] status=WAITING result=None (20s)
  [person_api_core_test-module_v2.0.0] status=WAITING result=None (25s)
  [person_api_core_test-module_v2.0.0] status=WAITING result=None (30s)
  [person_api_core_test-module_v2.0.0] status=WAITING result=None (35s)
  [person_api_core_test-module_v2.0.0] status=WAITING result=None (40s)
  [person_api_core_test-module_v2.0.0] status=WAITING result=None (45s)
  [person_api_core_test-module_v2.0.0] status=WAITING result=None (50s)
  [person_api_core_test-module_v2.0.0] status=WAITING result=None (55s)
  [person_api_core_test-module_v2.0.0] status=WAITING result=None (60s)
  [person_api_core_test-module_v2.0.0] status=WAITING result=None (65s)
  [person_api_core_test-module_v2.0.0] status=WAITING result=None (70s)
  [person_api_core_test-module_v2.0.0] status=WAITING result=None (75s)
  [person_api_core_test-module_v2.0.0] status=WAITING result=None (80s)
  [person_api_core_test-module_v2.0.0] status=WAITING result=None (85s)
  [person_api_core_test-module_v2.0.0] status=WAITING result=None (90s)
  [person_api_core_test-module_v2.0.0] status=WAITING result=None (95s)
  [person_api_core_test-module_v2.0.0] status=WAITING result=None (100s)
  [person_api_core_test-module_v2.0.0] status=WAITING result=None (105s)
  [person_api_core_test-module_v2.0.0] status=WAITING result=None (110s)
  [person_api_core_test-module_v2.0.0] status=WAITING result=None (115s)
  [person_api_core_test-module_v2.0.0] status=WAITING result=None (120s)
  [person_api_core_test-module_v2.0.0] status=WAITING result=None (126s)
  [person_api_core_test-module_v2.0.0] status=WAITING result=None (131s)
  [person_api_core_test-module_v2.0.0] status=WAITING result=None (136s)
  [person_api_core_test-module_v2.0.0] status=WAITING result=None (141s)
  [person_api_core_test-module_v2.0.0] status=WAITING result=None (146s)
  [person_api_core_test-module_v2.0.0] status=WAITING result=None (151s)
  [person_api_core_test-module_v2.0.0] status=WAITING result=None (156s)
  [person_api_core_test-module_v2.0.0] status=WAITING result=None (161s)
  [person_api_core_test-module_v2.0.0] status=WAITING result=None (166s)
  [person_api_core_test-module_v2.0.0] status=WAITING result=None (171s)
  [person_api_core_test-module_v2.0.0] status=WAITING result=None (176s)
  [person_api_core_test-module_v2.0.0] status=WAITING result=None (181s)
  [person_api_core_test-module_v2.0.0] status=WAITING result=None (186s)
  [person_api_core_test-module_v2.0.0] status=WAITING result=None (191s)
  [person_api_core_test-module_v2.0.0] status=WAITING result=None (196s)
  [person_api_core_test-module_v2.0.0] status=WAITING result=None (201s)
  [person_api_core_test-module_v2.0.0] status=WAITING result=None (206s)
  [person_api_core_test-module_v2.0.0] status=WAITING result=None (211s)
  [person_api_core_test-module_v2.0.0] status=WAITING result=None (216s)
  [person_api_core_test-module_v2.0.0] status=WAITING result=None (221s)
  [person_api_core_test-module_v2.0.0] status=WAITING result=None (226s)
  [person_api_core_test-module_v2.0.0] status=WAITING result=None (231s)
  [person_api_core_test-module_v2.0.0] status=WAITING result=None (236s)
  [person_api_core_test-module_v2.0.0] status=WAITING result=None (241s)
  [person_api_core_test-module_v2.0.0] status=WAITING result=None (247s)
  [person_api_core_test-module_v2.0.0] status=WAITING result=None (252s)
  [person_api_core_test-module_v2.0.0] status=WAITING result=None (257s)
  [person_api_core_test-module_v2.0.0] status=WAITING result=None (262s)
  [person_api_core_test-module_v2.0.0] status=WAITING result=None (267s)
  [person_api_core_test-module_v2.0.0] status=WAITING result=None (272s)
  [person_api_core_test-module_v2.0.0] status=WAITING result=None (277s)
  [person_api_core_test-module_v2.0.0] status=WAITING result=None (282s)
  [person_api_core_test-module_v2.0.0] status=WAITING result=None (287s)
  [person_api_core_test-module_v2.0.0] status=WAITING result=None (292s)
  [person_api_core_test-module_v2.0.0] status=WAITING result=None (297s)
  [person_api_core_test-module_v2.0.0] status=WAITING result=None (302s)
  [person_api_core_test-module_v2.0.0] status=WAITING result=None (307s)
  [person_api_core_test-module_v2.0.0] status=WAITING result=None (312s)
  [person_api_core_test-module_v2.0.0] status=WAITING result=None (317s)
  [person_api_core_test-module_v2.0.0] status=WAITING result=None (322s)
  [person_api_core_test-module_v2.0.0] status=WAITING result=None (327s)
  [person_api_core_test-module_v2.0.0] status=WAITING result=None (332s)
  [person_api_core_test-module_v2.0.0] status=WAITING result=None (337s)
  [person_api_core_test-module_v2.0.0] status=WAITING result=None (342s)
  [person_api_core_test-module_v2.0.0] status=WAITING result=None (347s)
  [person_api_core_test-module_v2.0.0] status=WAITING result=None (352s)
  [person_api_core_test-module_v2.0.0] status=WAITING result=None (357s)
  [person_api_core_test-module_v2.0.0] status=WAITING result=None (362s)
  [person_api_core_test-module_v2.0.0] status=WAITING result=None (368s)
  [person_api_core_test-module_v2.0.0] status=WAITING result=None (373s)
  [person_api_core_test-module_v2.0.0] status=WAITING result=None (378s)
  [person_api_core_test-module_v2.0.0] status=WAITING result=None (383s)
  [person_api_core_test-module_v2.0.0] status=WAITING result=None (388s)
  [person_api_core_test-module_v2.0.0] status=WAITING result=None (393s)
  [person_api_core_test-module_v2.0.0] status=WAITING result=None (398s)
  [person_api_core_test-module_v2.0.0] status=WAITING result=None (403s)
  [person_api_core_test-module_v2.0.0] status=WAITING result=None (408s)
  [person_api_core_test-module_v2.0.0] status=WAITING result=None (413s)
  [person_api_core_test-module_v2.0.0] status=WAITING result=None (418s)
  [person_api_core_test-module_v2.0.0] status=WAITING result=None (423s)
  [person_api_core_test-module_v2.0.0] status=WAITING result=None (428s)
  [person_api_core_test-module_v2.0.0] status=WAITING result=None (433s)
  [person_api_core_test-module_v2.0.0] status=WAITING result=None (438s)
  [person_api_core_test-module_v2.0.0] status=WAITING result=None (443s)
  [person_api_core_test-module_v2.0.0] status=WAITING result=None (448s)
  [person_api_core_test-module_v2.0.0] status=WAITING result=None (453s)
  [person_api_core_test-module_v2.0.0] status=WAITING result=None (458s)
  [person_api_core_test-module_v2.0.0] status=WAITING result=None (463s)
  [person_api_core_test-module_v2.0.0] status=WAITING result=None (469s)
  [person_api_core_test-module_v2.0.0] status=WAITING result=None (474s)
  [person_api_core_test-module_v2.0.0] status=WAITING result=None (479s)
  [person_api_core_test-module_v2.0.0] status=WAITING result=None (484s)
  [person_api_core_test-module_v2.0.0] status=WAITING result=None (489s)
  [person_api_core_test-module_v2.0.0] status=WAITING result=None (494s)
  [person_api_core_test-module_v2.0.0] status=WAITING result=None (499s)
  [person_api_core_test-module_v2.0.0] status=WAITING result=None (504s)
  [person_api_core_test-module_v2.0.0] status=WAITING result=None (509s)
  [person_api_core_test-module_v2.0.0] status=WAITING result=None (514s)
  [person_api_core_test-module_v2.0.0] status=WAITING result=None (519s)
  [person_api_core_test-module_v2.0.0] status=WAITING result=None (524s)
  [person_api_core_test-module_v2.0.0] status=WAITING result=None (529s)
  [person_api_core_test-module_v2.0.0] status=WAITING result=None (534s)
  [person_api_core_test-module_v2.0.0] status=WAITING result=None (539s)
  [person_api_core_test-module_v2.0.0] status=WAITING result=None (545s)
  [person_api_core_test-module_v2.0.0] status=WAITING result=None (550s)
  [person_api_core_test-module_v2.0.0] status=WAITING result=None (555s)
  [person_api_core_test-module_v2.0.0] status=WAITING result=None (560s)
  [person_api_core_test-module_v2.0.0] status=WAITING result=None (565s)
  [person_api_core_test-module_v2.0.0] status=WAITING result=None (570s)
  [person_api_core_test-module_v2.0.0] status=WAITING result=None (575s)
  [person_api_core_test-module_v2.0.0] status=WAITING result=None (580s)
  [person_api_core_test-module_v2.0.0] status=WAITING result=None (585s)
  [person_api_core_test-module_v2.0.0] status=WAITING result=None (590s)
  [person_api_core_test-module_v2.0.0] status=WAITING result=None (595s)
  [person_api_core_test-module_v2.0.0] TIMEOUT after 600s, aborting polling.
  [person_api_core_test-module_v2.0.0] no terminal status, skipping export.

Collecting gateway handshake/OPIN-processing metrics...
  33 gateway access-log entries captured since 2026-07-30T21:48:30.529685+00:00

Metrics saved to C:\Users\lucia_csx8nlz\MockOPIN\thesis\results\experiment1\140ms\baseline_metrics.json
Report saved to C:\Users\lucia_csx8nlz\MockOPIN\thesis\results\experiment1\140ms\BASELINE_REPORT.md
