Latency scenario: 14ms -> results go to C:\Users\lucia_csx8nlz\MockOPIN\thesis\results\experiment1\14ms

############ Plan: Insurance consents api test V3.0.0 (alias=consents_v3) ############
plan_id=mHd3iddXUFBTd

=== Module: opin-consents_api_preflight_test-module_v3 (plan consents_v3) ===
  test_id=glC8Qjh1SW55tUz
  [opin-consents_api_preflight_test-module_v3] status=CREATED result=None (0s)
  [opin-consents_api_preflight_test-module_v3] status=FINISHED result=FAILED (5s)
  log saved to C:\Users\lucia_csx8nlz\MockOPIN\thesis\results\experiment1\14ms\consents_v3__opin-consents_api_preflight_test-module_v3_20260803T192912Z.json (71 entries)

=== Module: opin-consent-api-status-test-v3 (plan consents_v3) ===
  test_id=99kWZzEo2O9deyI
  [opin-consent-api-status-test-v3] status=CREATED result=None (0s)
  [opin-consent-api-status-test-v3] status=WAITING result=None (5s)

  ======================================================================
  >>> MANUAL INTERACTION REQUIRED for [opin-consent-api-status-test-v3]
  >>> Open in browser: https://auth.local/auth?request_uri=urn:ietf:params:oauth:request_uri:MjXETFVWu0YccR2yhRwHdDiuYhnsnxGHAbi9E1UKr6r&client_id=client_one&redirect_uri=https://localhost.emobix.co.uk:8443/test/a/mock/callback&scope=openid%20consents%20resources%20customers%20insurance-acceptance-and-branches-abroad%20insurance-auto%20insurance-financial-risk%20insurance-patrimonial%20insurance-responsibility%20consent:urn:raidiaminsurance:3cbbabac-323a-4b7b-80ae-20b7a97fd336&response_type=code%20id_token
  >>> Protocol: open the link ONCE, log in, select all
  >>> permissions and confirm, wait for the redirect (even if
  >>> the final landing page shows a connection error), then
  >>> come back here. Do NOT reload, reopen, or re-click the link:
  >>> a second hit on an already-used request_uri/interaction is
  >>> rejected by design and was the root cause of the earlier
  >>> INTERRUPTED/SessionNotFound failures.
  ======================================================================

  [opin-consent-api-status-test-v3] status=WAITING result=None (10s)
  [opin-consent-api-status-test-v3] status=WAITING result=None (15s)
  [opin-consent-api-status-test-v3] status=WAITING result=None (20s)
  [opin-consent-api-status-test-v3] status=WAITING result=None (25s)
  [opin-consent-api-status-test-v3] status=WAITING result=None (30s)
  [opin-consent-api-status-test-v3] status=FINISHED result=PASSED (35s)
  log saved to C:\Users\lucia_csx8nlz\MockOPIN\thesis\results\experiment1\14ms\consents_v3__opin-consent-api-status-test-v3_20260803T192948Z.json (477 entries)

############ Plan: person_test-plan_v2.0.0 (alias=person_v2) ############
plan_id=fLTjeTe26SMq1

=== Module: opin-consents_api_preflight_test-module_v3 (plan person_v2) ===
  test_id=GyGPnvMjCYsG43C
  [opin-consents_api_preflight_test-module_v3] status=CREATED result=None (0s)
  [opin-consents_api_preflight_test-module_v3] status=FINISHED result=FAILED (5s)
  log saved to C:\Users\lucia_csx8nlz\MockOPIN\thesis\results\experiment1\14ms\person_v2__opin-consents_api_preflight_test-module_v3_20260803T192953Z.json (69 entries)

=== Module: person_api_core_test-module_v2.0.0 (plan person_v2) ===
  test_id=1Vvt3BIYsWS6YVH
  [person_api_core_test-module_v2.0.0] status=CREATED result=None (0s)
  [person_api_core_test-module_v2.0.0] status=WAITING result=None (5s)

  ======================================================================
  >>> MANUAL INTERACTION REQUIRED for [person_api_core_test-module_v2.0.0]
  >>> Open in browser: https://auth.local/auth?request_uri=urn:ietf:params:oauth:request_uri:JWafkB7PevvFS9QHIf81YQQ8GJbk8U4OMpP70eaeiMT&client_id=client_one&redirect_uri=https://localhost.emobix.co.uk:8443/test/a/mock/callback&scope=openid%20insurance-person%20consent:urn:raidiaminsurance:4f954217-63b3-483c-93a4-a0adcc3c0a9d&response_type=code%20id_token
  >>> Protocol: open the link ONCE, log in, select all
  >>> permissions and confirm, wait for the redirect (even if
  >>> the final landing page shows a connection error), then
  >>> come back here. Do NOT reload, reopen, or re-click the link:
  >>> a second hit on an already-used request_uri/interaction is
  >>> rejected by design and was the root cause of the earlier
  >>> INTERRUPTED/SessionNotFound failures.
  ======================================================================

  [person_api_core_test-module_v2.0.0] status=WAITING result=None (10s)
  [person_api_core_test-module_v2.0.0] status=WAITING result=None (15s)
  [person_api_core_test-module_v2.0.0] status=WAITING result=None (20s)
  [person_api_core_test-module_v2.0.0] status=FINISHED result=FAILED (25s)
  log saved to C:\Users\lucia_csx8nlz\MockOPIN\thesis\results\experiment1\14ms\person_v2__person_api_core_test-module_v2.0.0_20260803T193018Z.json (1095 entries)

Collecting gateway handshake/OPIN-processing metrics...
  56 gateway access-log entries captured since 2026-08-03T19:29:07.189125+00:00

Metrics saved to C:\Users\lucia_csx8nlz\MockOPIN\thesis\results\experiment1\14ms\baseline_metrics.json
Report saved to C:\Users\lucia_csx8nlz\MockOPIN\thesis\results\experiment1\14ms\BASELINE_REPORT.md
