Latency scenario: 0ms -> results go to C:\Users\lucia_csx8nlz\MockOPIN\thesis\results\experiment1\0ms

############ Plan: Insurance consents api test V3.0.0 (alias=consents_v3) ############
plan_id=7kXG2vofMgU7c

=== Module: opin-consents_api_preflight_test-module_v3 (plan consents_v3) ===
  test_id=NskOa2hIHYWYvJG
  [opin-consents_api_preflight_test-module_v3] status=CREATED result=None (0s)
  [opin-consents_api_preflight_test-module_v3] status=RUNNING result=FAILED (5s)
  [opin-consents_api_preflight_test-module_v3] status=FINISHED result=FAILED (10s)
  log saved to C:\Users\lucia_csx8nlz\MockOPIN\thesis\results\experiment1\0ms\consents_v3__opin-consents_api_preflight_test-module_v3_20260730T210541Z.json (71 entries)

=== Module: opin-consent-api-status-test-v3 (plan consents_v3) ===
  test_id=b28FcrDxtgkkDns
  [opin-consent-api-status-test-v3] status=CREATED result=None (0s)
  [opin-consent-api-status-test-v3] status=CREATED result=None (5s)
  [opin-consent-api-status-test-v3] status=CREATED result=None (10s)
  [opin-consent-api-status-test-v3] status=CREATED result=None (15s)
  [opin-consent-api-status-test-v3] status=WAITING result=None (20s)

  ======================================================================
  >>> MANUAL INTERACTION REQUIRED for [opin-consent-api-status-test-v3]
  >>> Open in browser: https://auth.local/auth?request_uri=urn:ietf:params:oauth:request_uri:Iilfd8q-RIbiKWYUTS3ahIYjoj0Lj66QHzBzyeKgc-3&client_id=client_one&redirect_uri=https://localhost.emobix.co.uk:8443/test/a/mock/callback&scope=openid%20consents%20resources%20customers%20insurance-acceptance-and-branches-abroad%20insurance-auto%20insurance-financial-risk%20insurance-patrimonial%20insurance-responsibility%20consent:urn:raidiaminsurance:3236e258-9a5d-42bc-841e-06376c0eb30a&response_type=code%20id_token
  >>> Polling continues automatically; no need to confirm here.
  ======================================================================

  [opin-consent-api-status-test-v3] status=WAITING result=None (25s)
  [opin-consent-api-status-test-v3] status=WAITING result=None (30s)
  [opin-consent-api-status-test-v3] status=WAITING result=None (35s)
  [opin-consent-api-status-test-v3] status=WAITING result=None (40s)
  [opin-consent-api-status-test-v3] status=WAITING result=None (45s)
  [opin-consent-api-status-test-v3] status=WAITING result=None (50s)
  [opin-consent-api-status-test-v3] status=WAITING result=None (55s)
  [opin-consent-api-status-test-v3] status=WAITING result=None (60s)
  [opin-consent-api-status-test-v3] status=WAITING result=None (65s)
  [opin-consent-api-status-test-v3] status=WAITING result=None (70s)
  [opin-consent-api-status-test-v3] status=WAITING result=None (75s)
  [opin-consent-api-status-test-v3] status=WAITING result=None (80s)
  [opin-consent-api-status-test-v3] status=WAITING result=None (85s)
  [opin-consent-api-status-test-v3] status=WAITING result=None (90s)
  [opin-consent-api-status-test-v3] status=WAITING result=None (95s)
  [opin-consent-api-status-test-v3] status=WAITING result=None (100s)
  [opin-consent-api-status-test-v3] status=WAITING result=None (105s)
  [opin-consent-api-status-test-v3] status=WAITING result=None (111s)
  [opin-consent-api-status-test-v3] status=WAITING result=None (116s)
  [opin-consent-api-status-test-v3] status=WAITING result=None (121s)
  [opin-consent-api-status-test-v3] status=WAITING result=None (126s)
  [opin-consent-api-status-test-v3] status=WAITING result=None (131s)
  [opin-consent-api-status-test-v3] status=WAITING result=None (136s)
  [opin-consent-api-status-test-v3] status=WAITING result=None (141s)
  [opin-consent-api-status-test-v3] status=WAITING result=None (146s)
  [opin-consent-api-status-test-v3] status=WAITING result=None (151s)
  [opin-consent-api-status-test-v3] status=WAITING result=None (156s)
  [opin-consent-api-status-test-v3] status=WAITING result=None (161s)
  [opin-consent-api-status-test-v3] status=WAITING result=None (166s)
  [opin-consent-api-status-test-v3] status=WAITING result=None (171s)
  [opin-consent-api-status-test-v3] status=WAITING result=None (176s)
  [opin-consent-api-status-test-v3] status=WAITING result=None (181s)
  [opin-consent-api-status-test-v3] status=WAITING result=None (186s)
  [opin-consent-api-status-test-v3] status=WAITING result=None (191s)
  [opin-consent-api-status-test-v3] status=WAITING result=None (196s)
  [opin-consent-api-status-test-v3] status=WAITING result=None (201s)
  [opin-consent-api-status-test-v3] status=WAITING result=None (206s)
  [opin-consent-api-status-test-v3] status=WAITING result=None (211s)
  [opin-consent-api-status-test-v3] status=WAITING result=None (217s)
  [opin-consent-api-status-test-v3] status=WAITING result=None (222s)
  [opin-consent-api-status-test-v3] status=WAITING result=None (227s)
  [opin-consent-api-status-test-v3] status=WAITING result=None (232s)
  [opin-consent-api-status-test-v3] status=WAITING result=None (237s)
  [opin-consent-api-status-test-v3] status=WAITING result=None (242s)
  [opin-consent-api-status-test-v3] status=WAITING result=None (247s)
  [opin-consent-api-status-test-v3] status=WAITING result=None (252s)
  [opin-consent-api-status-test-v3] status=WAITING result=None (257s)
  [opin-consent-api-status-test-v3] status=WAITING result=None (262s)
  [opin-consent-api-status-test-v3] status=WAITING result=None (267s)
  [opin-consent-api-status-test-v3] status=INTERRUPTED result=FAILED (272s)
  log saved to C:\Users\lucia_csx8nlz\MockOPIN\thesis\results\experiment1\0ms\consents_v3__opin-consent-api-status-test-v3_20260730T211014Z.json (289 entries)

############ Plan: person_test-plan_v2.0.0 (alias=person_v2) ############
plan_id=5yxT2Eb0eHwvp

=== Module: opin-consents_api_preflight_test-module_v3 (plan person_v2) ===
  test_id=ouGerioKwTGbyUN
  [opin-consents_api_preflight_test-module_v3] status=CREATED result=None (0s)
  [opin-consents_api_preflight_test-module_v3] status=FINISHED result=FAILED (5s)
  log saved to C:\Users\lucia_csx8nlz\MockOPIN\thesis\results\experiment1\0ms\person_v2__opin-consents_api_preflight_test-module_v3_20260730T211020Z.json (71 entries)

=== Module: person_api_core_test-module_v2.0.0 (plan person_v2) ===
  test_id=nCQuiJuccRvxhQl
  [person_api_core_test-module_v2.0.0] status=CREATED result=None (0s)
  [person_api_core_test-module_v2.0.0] status=WAITING result=None (5s)

  ======================================================================
  >>> MANUAL INTERACTION REQUIRED for [person_api_core_test-module_v2.0.0]
  >>> Open in browser: https://auth.local/auth?request_uri=urn:ietf:params:oauth:request_uri:-cP5PT7_isI82B4p3pjws1EoysE9tP1WxUc4rMSPB-g&client_id=client_one&redirect_uri=https://localhost.emobix.co.uk:8443/test/a/mock/callback&scope=openid%20insurance-person%20consent:urn:raidiaminsurance:ba8634ba-520f-4973-b9dd-27099e521fae&response_type=code%20id_token
  >>> Polling continues automatically; no need to confirm here.
  ======================================================================

  [person_api_core_test-module_v2.0.0] status=WAITING result=None (10s)
  [person_api_core_test-module_v2.0.0] status=WAITING result=None (15s)
  [person_api_core_test-module_v2.0.0] status=WAITING result=None (20s)
  [person_api_core_test-module_v2.0.0] status=WAITING result=None (25s)
  [person_api_core_test-module_v2.0.0] status=WAITING result=None (30s)
  [person_api_core_test-module_v2.0.0] status=WAITING result=None (35s)
  [person_api_core_test-module_v2.0.0] status=WAITING result=None (40s)
  [person_api_core_test-module_v2.0.0] status=WAITING result=None (45s)
  [person_api_core_test-module_v2.0.0] status=WAITING result=None (50s)
  [person_api_core_test-module_v2.0.0] status=WAITING result=None (55s)
  [person_api_core_test-module_v2.0.0] status=WAITING result=None (60s)
  [person_api_core_test-module_v2.0.0] status=WAITING result=None (65s)
  [person_api_core_test-module_v2.0.0] status=WAITING result=None (70s)
  [person_api_core_test-module_v2.0.0] status=WAITING result=None (75s)
  [person_api_core_test-module_v2.0.0] status=WAITING result=None (80s)
  [person_api_core_test-module_v2.0.0] status=WAITING result=None (85s)
  [person_api_core_test-module_v2.0.0] status=WAITING result=None (90s)
  [person_api_core_test-module_v2.0.0] status=WAITING result=None (95s)
  [person_api_core_test-module_v2.0.0] status=WAITING result=None (100s)
  [person_api_core_test-module_v2.0.0] status=WAITING result=None (106s)
  [person_api_core_test-module_v2.0.0] status=WAITING result=None (111s)
  [person_api_core_test-module_v2.0.0] status=WAITING result=None (116s)
  [person_api_core_test-module_v2.0.0] status=WAITING result=None (121s)
  [person_api_core_test-module_v2.0.0] status=WAITING result=None (126s)
  [person_api_core_test-module_v2.0.0] status=WAITING result=None (131s)
  [person_api_core_test-module_v2.0.0] status=WAITING result=None (136s)
  [person_api_core_test-module_v2.0.0] status=WAITING result=None (141s)
  [person_api_core_test-module_v2.0.0] status=WAITING result=None (146s)
  [person_api_core_test-module_v2.0.0] status=WAITING result=None (151s)
  [person_api_core_test-module_v2.0.0] status=WAITING result=None (156s)
  [person_api_core_test-module_v2.0.0] status=WAITING result=None (161s)
  [person_api_core_test-module_v2.0.0] status=WAITING result=None (166s)
  [person_api_core_test-module_v2.0.0] status=WAITING result=None (171s)
  [person_api_core_test-module_v2.0.0] status=WAITING result=None (176s)
  [person_api_core_test-module_v2.0.0] status=WAITING result=None (181s)
  [person_api_core_test-module_v2.0.0] status=WAITING result=None (186s)
  [person_api_core_test-module_v2.0.0] status=WAITING result=None (191s)
  [person_api_core_test-module_v2.0.0] status=WAITING result=None (196s)
  [person_api_core_test-module_v2.0.0] status=WAITING result=None (201s)
  [person_api_core_test-module_v2.0.0] status=WAITING result=None (206s)
  [person_api_core_test-module_v2.0.0] status=WAITING result=None (211s)
  [person_api_core_test-module_v2.0.0] status=WAITING result=None (216s)
  [person_api_core_test-module_v2.0.0] status=WAITING result=None (222s)
  [person_api_core_test-module_v2.0.0] status=WAITING result=None (227s)
  [person_api_core_test-module_v2.0.0] status=WAITING result=None (232s)
  [person_api_core_test-module_v2.0.0] status=WAITING result=None (237s)
  [person_api_core_test-module_v2.0.0] status=WAITING result=None (242s)
  [person_api_core_test-module_v2.0.0] status=WAITING result=None (247s)
  [person_api_core_test-module_v2.0.0] status=WAITING result=None (252s)
  [person_api_core_test-module_v2.0.0] status=WAITING result=None (257s)
  [person_api_core_test-module_v2.0.0] status=WAITING result=None (262s)
  [person_api_core_test-module_v2.0.0] status=WAITING result=None (267s)
  [person_api_core_test-module_v2.0.0] status=WAITING result=None (272s)
  [person_api_core_test-module_v2.0.0] status=INTERRUPTED result=FAILED (277s)
  log saved to C:\Users\lucia_csx8nlz\MockOPIN\thesis\results\experiment1\0ms\person_v2__person_api_core_test-module_v2.0.0_20260730T211457Z.json (231 entries)

Collecting gateway handshake/OPIN-processing metrics...
  46 gateway access-log entries captured since 2026-07-30T21:05:29.825838+00:00

Metrics saved to C:\Users\lucia_csx8nlz\MockOPIN\thesis\results\experiment1\0ms\baseline_metrics.json
Report saved to C:\Users\lucia_csx8nlz\MockOPIN\thesis\results\experiment1\0ms\BASELINE_REPORT.md
