Latency scenario: 140ms -> results go to C:\Users\lucia_csx8nlz\MockOPIN\thesis\results\experiment1\140ms

############ Plan: Insurance consents api test V3.0.0 (alias=consents_v3) ############
plan_id=vpnkHd9svv2dG

=== Module: opin-consents_api_preflight_test-module_v3 (plan consents_v3) ===
  test_id=4NIV1zR0vCNbAh1
  [opin-consents_api_preflight_test-module_v3] status=CREATED result=None (0s)
  [opin-consents_api_preflight_test-module_v3] status=FINISHED result=FAILED (5s)
  log saved to C:\Users\lucia_csx8nlz\MockOPIN\thesis\results\experiment1\140ms\consents_v3__opin-consents_api_preflight_test-module_v3_20260803T193211Z.json (71 entries)

=== Module: opin-consent-api-status-test-v3 (plan consents_v3) ===
  test_id=mMCJvnzg0ixarlx
  [opin-consent-api-status-test-v3] status=CREATED result=None (0s)
  [opin-consent-api-status-test-v3] status=RUNNING result=None (5s)
  [opin-consent-api-status-test-v3] status=WAITING result=None (10s)

  ======================================================================
  >>> MANUAL INTERACTION REQUIRED for [opin-consent-api-status-test-v3]
  >>> Open in browser: https://auth.local/auth?request_uri=urn:ietf:params:oauth:request_uri:1nyz0Vw1YYm-0y8obhFbY84Vnw2LetqmW4ZIYcsE69L&client_id=client_one&redirect_uri=https://localhost.emobix.co.uk:8443/test/a/mock/callback&scope=openid%20consents%20resources%20customers%20insurance-acceptance-and-branches-abroad%20insurance-auto%20insurance-financial-risk%20insurance-patrimonial%20insurance-responsibility%20consent:urn:raidiaminsurance:3ff04068-4ba4-4aff-a6f0-1dac9a346548&response_type=code%20id_token
  >>> Protocol: open the link ONCE, log in, select all
  >>> permissions and confirm, wait for the redirect (even if
  >>> the final landing page shows a connection error), then
  >>> come back here. Do NOT reload, reopen, or re-click the link:
  >>> a second hit on an already-used request_uri/interaction is
  >>> rejected by design and was the root cause of the earlier
  >>> INTERRUPTED/SessionNotFound failures.
  ======================================================================

  [opin-consent-api-status-test-v3] status=WAITING result=None (15s)
  [opin-consent-api-status-test-v3] status=WAITING result=None (20s)
  [opin-consent-api-status-test-v3] status=WAITING result=None (25s)
  [opin-consent-api-status-test-v3] status=WAITING result=None (30s)
  [opin-consent-api-status-test-v3] status=RUNNING result=None (35s)
  [opin-consent-api-status-test-v3] status=FINISHED result=PASSED (40s)
  log saved to C:\Users\lucia_csx8nlz\MockOPIN\thesis\results\experiment1\140ms\consents_v3__opin-consent-api-status-test-v3_20260803T193251Z.json (477 entries)

############ Plan: person_test-plan_v2.0.0 (alias=person_v2) ############
plan_id=RvKFlZZtlckAh

=== Module: opin-consents_api_preflight_test-module_v3 (plan person_v2) ===
  test_id=vbevWRvDO1HjxtC
  [opin-consents_api_preflight_test-module_v3] status=CREATED result=None (0s)
  [opin-consents_api_preflight_test-module_v3] status=FINISHED result=FAILED (5s)
  log saved to C:\Users\lucia_csx8nlz\MockOPIN\thesis\results\experiment1\140ms\person_v2__opin-consents_api_preflight_test-module_v3_20260803T193256Z.json (69 entries)

=== Module: person_api_core_test-module_v2.0.0 (plan person_v2) ===
  test_id=KOj9HUrO0YYIWyx
  [person_api_core_test-module_v2.0.0] status=CREATED result=None (0s)
  [person_api_core_test-module_v2.0.0] status=WAITING result=None (5s)

  ======================================================================
  >>> MANUAL INTERACTION REQUIRED for [person_api_core_test-module_v2.0.0]
  >>> Open in browser: https://auth.local/auth?request_uri=urn:ietf:params:oauth:request_uri:zcl0Y7ZZLUYRq4vlnky0vDTkEjAJI1fNEDPoUxyDTIc&client_id=client_one&redirect_uri=https://localhost.emobix.co.uk:8443/test/a/mock/callback&scope=openid%20insurance-person%20consent:urn:raidiaminsurance:b5e6821a-2aff-4171-83be-b31aa45ac218&response_type=code%20id_token
  >>> Protocol: open the link ONCE, log in, select all
  >>> permissions and confirm, wait for the redirect (even if
  >>> the final landing page shows a connection error), then
  >>> come back here. Do NOT reload, reopen, or re-click the link:
  >>> a second hit on an already-used request_uri/interaction is
  >>> rejected by design and was the root cause of the earlier
  >>> INTERRUPTED/SessionNotFound failures.
  ======================================================================

  [person_api_core_test-module_v2.0.0] status=WAITING result=None (10s)
  [person_api_core_test-module_v2.0.0] status=WAITING result=None (15s)
  [person_api_core_test-module_v2.0.0] status=WAITING result=None (20s)
  [person_api_core_test-module_v2.0.0] status=WAITING result=None (25s)
  [person_api_core_test-module_v2.0.0] status=WAITING result=None (30s)
  [person_api_core_test-module_v2.0.0] status=RUNNING result=None (35s)
  [person_api_core_test-module_v2.0.0] status=RUNNING result=FAILED (40s)
  [person_api_core_test-module_v2.0.0] status=FINISHED result=FAILED (45s)
  log saved to C:\Users\lucia_csx8nlz\MockOPIN\thesis\results\experiment1\140ms\person_v2__person_api_core_test-module_v2.0.0_20260803T193342Z.json (1095 entries)

Collecting gateway handshake/OPIN-processing metrics...
  56 gateway access-log entries captured since 2026-08-03T19:32:05.804597+00:00

Metrics saved to C:\Users\lucia_csx8nlz\MockOPIN\thesis\results\experiment1\140ms\baseline_metrics.json
Report saved to C:\Users\lucia_csx8nlz\MockOPIN\thesis\results\experiment1\140ms\BASELINE_REPORT.md
