Latency scenario: 0ms -> results go to C:\Users\lucia_csx8nlz\MockOPIN\thesis\results\experiment1\0ms

############ Plan: Insurance consents api test V3.0.0 (alias=consents_v3) ############
plan_id=kT73rkfX0S1Cn

=== Module: opin-consents_api_preflight_test-module_v3 (plan consents_v3) ===
  test_id=EejcfA4ieQQk89U
  [opin-consents_api_preflight_test-module_v3] status=CREATED result=None (0s)
  [opin-consents_api_preflight_test-module_v3] status=CREATED result=None (5s)
  [opin-consents_api_preflight_test-module_v3] status=FINISHED result=FAILED (10s)
  log saved to C:\Users\lucia_csx8nlz\MockOPIN\thesis\results\experiment1\0ms\consents_v3__opin-consents_api_preflight_test-module_v3_20260803T185903Z.json (71 entries)

=== Module: opin-consent-api-status-test-v3 (plan consents_v3) ===
  test_id=1IJ3xVUXqIJV1mx
  [opin-consent-api-status-test-v3] status=CREATED result=None (0s)
  [opin-consent-api-status-test-v3] status=WAITING result=None (5s)

  ======================================================================
  >>> MANUAL INTERACTION REQUIRED for [opin-consent-api-status-test-v3]
  >>> Open in browser: https://auth.local/auth?request_uri=urn:ietf:params:oauth:request_uri:MWPn8dQBtFw5FXVVYoHV5DVsNTOTocmNRMxkV5iI6aU&client_id=client_one&redirect_uri=https://localhost.emobix.co.uk:8443/test/a/mock/callback&scope=openid%20consents%20resources%20customers%20insurance-acceptance-and-branches-abroad%20insurance-auto%20insurance-financial-risk%20insurance-patrimonial%20insurance-responsibility%20consent:urn:raidiaminsurance:040d13e8-e3e1-409d-9ec2-1d32688e9113&response_type=code%20id_token
  >>> Protocol: open the link ONCE, log in, select all
  >>> permissions and confirm, wait for the redirect (even if
  >>> the final landing page shows a connection error), then
  >>> come back here. Do NOT reload, reopen, or re-click the link:
  >>> a second hit on an already-used request_uri/interaction is
  >>> rejected by design and was the root cause of the earlier
  >>> INTERRUPTED/SessionNotFound failures.
  ======================================================================

  [opin-consent-api-status-test-v3] status=WAITING result=None (10s)
  [opin-consent-api-status-test-v3] status=WAITING result=None (15s)
  [opin-consent-api-status-test-v3] status=WAITING result=None (20s)
  [opin-consent-api-status-test-v3] status=WAITING result=None (25s)
  [opin-consent-api-status-test-v3] status=WAITING result=None (30s)
  [opin-consent-api-status-test-v3] status=WAITING result=None (35s)
  [opin-consent-api-status-test-v3] status=WAITING result=None (40s)
  [opin-consent-api-status-test-v3] status=WAITING result=None (45s)
  [opin-consent-api-status-test-v3] status=WAITING result=None (50s)
  [opin-consent-api-status-test-v3] status=WAITING result=None (55s)
  [opin-consent-api-status-test-v3] status=WAITING result=None (60s)
  [opin-consent-api-status-test-v3] status=FINISHED result=PASSED (65s)
  log saved to C:\Users\lucia_csx8nlz\MockOPIN\thesis\results\experiment1\0ms\consents_v3__opin-consent-api-status-test-v3_20260803T190009Z.json (477 entries)

############ Plan: person_test-plan_v2.0.0 (alias=person_v2) ############
plan_id=bhPimUhYpfOjG

=== Module: opin-consents_api_preflight_test-module_v3 (plan person_v2) ===
  test_id=K4MmDOGsaGhGdDB
  [opin-consents_api_preflight_test-module_v3] status=CREATED result=None (0s)
  [opin-consents_api_preflight_test-module_v3] status=CREATED result=None (5s)
  [opin-consents_api_preflight_test-module_v3] status=FINISHED result=FAILED (10s)
  log saved to C:\Users\lucia_csx8nlz\MockOPIN\thesis\results\experiment1\0ms\person_v2__opin-consents_api_preflight_test-module_v3_20260803T190019Z.json (68 entries)

=== Module: person_api_core_test-module_v2.0.0 (plan person_v2) ===
  test_id=76HQJXzafsc3o2R
  [person_api_core_test-module_v2.0.0] status=CREATED result=None (0s)
  [person_api_core_test-module_v2.0.0] status=INTERRUPTED result=FAILED (5s)
  log saved to C:\Users\lucia_csx8nlz\MockOPIN\thesis\results\experiment1\0ms\person_v2__person_api_core_test-module_v2.0.0_20260803T190025Z.json (19 entries)

Collecting gateway handshake/OPIN-processing metrics...
  41 gateway access-log entries captured since 2026-08-03T18:58:52.296295+00:00

Metrics saved to C:\Users\lucia_csx8nlz\MockOPIN\thesis\results\experiment1\0ms\baseline_metrics.json
Report saved to C:\Users\lucia_csx8nlz\MockOPIN\thesis\results\experiment1\0ms\BASELINE_REPORT.md
