Resuming person_api_core_test-module_v2.0.0 on existing plan ZN50UfHj87kYI ...

=== Module: person_api_core_test-module_v2.0.0 (plan person_v2) ===
  test_id=tNjWsVXkXSpqEzz
  [person_api_core_test-module_v2.0.0] status=CREATED result=None (0s)
  [person_api_core_test-module_v2.0.0] status=RUNNING result=None (5s)
  [person_api_core_test-module_v2.0.0] status=WAITING result=None (10s)

  ======================================================================
  >>> MANUAL INTERACTION REQUIRED for [person_api_core_test-module_v2.0.0]
  >>> Open in browser: https://auth.local/auth?request_uri=urn:ietf:params:oauth:request_uri:qC9MlhlTKblbp4jMfC0h2p_nzyii8xkqPS52_uq9-tV&client_id=client_one&redirect_uri=https://localhost.emobix.co.uk:8443/test/a/mock/callback&scope=openid%20insurance-person%20consent:urn:raidiaminsurance:447b1154-4a69-4ad7-8e0e-d10d33b4d04e&response_type=code%20id_token
  >>> Protocol: open the link ONCE, log in, select all
  >>> permissions and confirm, wait for the redirect (even if
  >>> the final landing page shows a connection error), then
  >>> come back here. Do NOT reload, reopen, or re-click the link:
  >>> a second hit on an already-used request_uri/interaction is
  >>> rejected by design and was the root cause of the earlier
  >>> INTERRUPTED/SessionNotFound failures.
  ======================================================================

  [person_api_core_test-module_v2.0.0] status=WAITING result=None (15s)
  [person_api_core_test-module_v2.0.0] status=WAITING result=None (20s)
  [person_api_core_test-module_v2.0.0] status=WAITING result=None (25s)
  [person_api_core_test-module_v2.0.0] status=WAITING result=None (30s)
  [person_api_core_test-module_v2.0.0] status=WAITING result=None (35s)
  [person_api_core_test-module_v2.0.0] status=WAITING result=None (45s)
  [person_api_core_test-module_v2.0.0] status=WAITING result=None (50s)
  [person_api_core_test-module_v2.0.0] status=WAITING result=None (55s)
  [person_api_core_test-module_v2.0.0] status=WAITING result=None (60s)
  [person_api_core_test-module_v2.0.0] status=WAITING result=None (65s)
  [person_api_core_test-module_v2.0.0] status=WAITING result=None (70s)
  [person_api_core_test-module_v2.0.0] status=WAITING result=None (75s)
  [person_api_core_test-module_v2.0.0] status=WAITING result=None (81s)
  [person_api_core_test-module_v2.0.0] status=WAITING result=None (86s)
  [person_api_core_test-module_v2.0.0] status=WAITING result=None (92s)
  [person_api_core_test-module_v2.0.0] status=WAITING result=None (97s)
  [person_api_core_test-module_v2.0.0] status=WAITING result=None (102s)
  [person_api_core_test-module_v2.0.0] status=WAITING result=None (107s)
  [person_api_core_test-module_v2.0.0] status=WAITING result=None (112s)
  [person_api_core_test-module_v2.0.0] status=WAITING result=None (118s)
  [person_api_core_test-module_v2.0.0] status=WAITING result=None (123s)
  [person_api_core_test-module_v2.0.0] status=WAITING result=None (128s)
  [person_api_core_test-module_v2.0.0] status=WAITING result=None (133s)
  [person_api_core_test-module_v2.0.0] status=WAITING result=None (139s)
  [person_api_core_test-module_v2.0.0] status=WAITING result=None (146s)
  [person_api_core_test-module_v2.0.0] status=WAITING result=None (151s)
  [person_api_core_test-module_v2.0.0] status=WAITING result=None (157s)
  [person_api_core_test-module_v2.0.0] status=INTERRUPTED result=FAILED (162s)
  log saved to C:\Users\lucia_csx8nlz\MockOPIN\thesis\results\experiment1\140ms\person_v2__person_api_core_test-module_v2.0.0_20260730T235402Z.json (231 entries)
Collecting gateway metrics since 2026-07-30T21:48:10+00:00 ...
  65 gateway access-log entries captured
Metrics saved to C:\Users\lucia_csx8nlz\MockOPIN\thesis\results\experiment1\140ms\baseline_metrics.json
Report saved to C:\Users\lucia_csx8nlz\MockOPIN\thesis\results\experiment1\140ms\BASELINE_REPORT.md
