Creating fresh person_v2 plan (320ms) ...
plan_id=uxJRL2w9rfZi7

=== Module: opin-consents_api_preflight_test-module_v3 (plan person_v2) ===
  test_id=EqRI43ri2frzy8f
  [opin-consents_api_preflight_test-module_v3] status=CREATED result=None (0s)
  [opin-consents_api_preflight_test-module_v3] status=CREATED result=None (5s)
  [opin-consents_api_preflight_test-module_v3] status=FINISHED result=FAILED (10s)
  log saved to C:\Users\lucia_csx8nlz\MockOPIN\thesis\results\experiment1\320ms\person_v2__opin-consents_api_preflight_test-module_v3_20260731T001114Z.json (71 entries)

=== Module: person_api_core_test-module_v2.0.0 (plan person_v2) ===
  test_id=WAZUHyRMVxruMGp
  [person_api_core_test-module_v2.0.0] status=CREATED result=None (0s)
  [person_api_core_test-module_v2.0.0] status=CREATED result=None (5s)
  [person_api_core_test-module_v2.0.0] status=RUNNING result=None (10s)
  [person_api_core_test-module_v2.0.0] status=WAITING result=None (15s)

  ======================================================================
  >>> MANUAL INTERACTION REQUIRED for [person_api_core_test-module_v2.0.0]
  >>> Open in browser: https://auth.local/auth?request_uri=urn:ietf:params:oauth:request_uri:ht0GPyniueIUpRl757c4QdwJjsG12PXwwX_PBOl9Mo2&client_id=client_one&redirect_uri=https://localhost.emobix.co.uk:8443/test/a/mock/callback&scope=openid%20insurance-person%20consent:urn:raidiaminsurance:4dd41bea-cc09-4a4c-8362-5677061e80eb&response_type=code%20id_token
  >>> Protocol: open the link ONCE, log in, select all
  >>> permissions and confirm, wait for the redirect (even if
  >>> the final landing page shows a connection error), then
  >>> come back here. Do NOT reload, reopen, or re-click the link:
  >>> a second hit on an already-used request_uri/interaction is
  >>> rejected by design and was the root cause of the earlier
  >>> INTERRUPTED/SessionNotFound failures.
  ======================================================================

  [person_api_core_test-module_v2.0.0] status=WAITING result=None (20s)
  [person_api_core_test-module_v2.0.0] status=WAITING result=None (25s)
  [person_api_core_test-module_v2.0.0] status=WAITING result=None (30s)
  [person_api_core_test-module_v2.0.0] status=WAITING result=None (35s)
  [person_api_core_test-module_v2.0.0] status=WAITING result=None (40s)
  [person_api_core_test-module_v2.0.0] status=WAITING result=None (45s)
  [person_api_core_test-module_v2.0.0] status=WAITING result=None (50s)
  [person_api_core_test-module_v2.0.0] status=WAITING result=None (56s)
  [person_api_core_test-module_v2.0.0] status=WAITING result=None (61s)
  [person_api_core_test-module_v2.0.0] status=WAITING result=None (66s)
  [person_api_core_test-module_v2.0.0] status=WAITING result=None (71s)
  [person_api_core_test-module_v2.0.0] status=WAITING result=None (76s)
  [person_api_core_test-module_v2.0.0] status=WAITING result=None (81s)
  [person_api_core_test-module_v2.0.0] status=WAITING result=None (86s)
  [person_api_core_test-module_v2.0.0] status=WAITING result=None (91s)
  [person_api_core_test-module_v2.0.0] status=INTERRUPTED result=FAILED (97s)
  log saved to C:\Users\lucia_csx8nlz\MockOPIN\thesis\results\experiment1\320ms\person_v2__person_api_core_test-module_v2.0.0_20260731T001252Z.json (231 entries)
Collecting gateway metrics since 2026-07-31T00:04:16.622122+00:00 ...
  63 gateway access-log entries captured
Metrics saved to C:\Users\lucia_csx8nlz\MockOPIN\thesis\results\experiment1\320ms\baseline_metrics.json
Report saved to C:\Users\lucia_csx8nlz\MockOPIN\thesis\results\experiment1\320ms\BASELINE_REPORT.md
