Resuming person_api_core_test-module_v2.0.0 on existing plan zv5OduLnQiTmN (225ms) ...

=== Module: person_api_core_test-module_v2.0.0 (plan person_v2) ===
  test_id=6bNAZoZy7MbG7cC
  [person_api_core_test-module_v2.0.0] status=CREATED result=None (0s)
  [person_api_core_test-module_v2.0.0] status=RUNNING result=None (5s)
  [person_api_core_test-module_v2.0.0] status=WAITING result=None (10s)

  ======================================================================
  >>> MANUAL INTERACTION REQUIRED for [person_api_core_test-module_v2.0.0]
  >>> Open in browser: https://auth.local/auth?request_uri=urn:ietf:params:oauth:request_uri:5z9BCl59vljEoQfxXIQI3BLK811UtU49v4lXVRKGj1e&client_id=client_one&redirect_uri=https://localhost.emobix.co.uk:8443/test/a/mock/callback&scope=openid%20insurance-person%20consent:urn:raidiaminsurance:14aa7129-0c3a-4dcd-831a-1fe074a5e855&response_type=code%20id_token
  >>> Protocol: open the link ONCE, log in, select all
  >>> permissions and confirm, wait for the redirect (even if
  >>> the final landing page shows a connection error), then
  >>> come back here. Do NOT reload, reopen, or re-click the link:
  >>> a second hit on an already-used request_uri/interaction is
  >>> rejected by design and was the root cause of the earlier
  >>> INTERRUPTED/SessionNotFound failures.
  ======================================================================

  [person_api_core_test-module_v2.0.0] status=WAITING result=None (15s)
  [person_api_core_test-module_v2.0.0] status=WAITING result=None (20s)
  [person_api_core_test-module_v2.0.0] status=WAITING result=None (25s)
  [person_api_core_test-module_v2.0.0] status=WAITING result=None (32s)
  [person_api_core_test-module_v2.0.0] status=WAITING result=None (37s)
  [person_api_core_test-module_v2.0.0] status=WAITING result=None (42s)
  [person_api_core_test-module_v2.0.0] status=RUNNING result=None (52s)
  [person_api_core_test-module_v2.0.0] status=RUNNING result=None (58s)
  [person_api_core_test-module_v2.0.0] status=RUNNING result=None (63s)
  [person_api_core_test-module_v2.0.0] status=FINISHED result=FAILED (68s)
  log saved to C:\Users\lucia_csx8nlz\MockOPIN\thesis\results\experiment1\225ms\person_v2__person_api_core_test-module_v2.0.0_20260731T000348Z.json (1095 entries)
Collecting gateway metrics since 2026-07-30T23:58:21.730631+00:00 ...
  60 gateway access-log entries captured
Metrics saved to C:\Users\lucia_csx8nlz\MockOPIN\thesis\results\experiment1\225ms\baseline_metrics.json
Report saved to C:\Users\lucia_csx8nlz\MockOPIN\thesis\results\experiment1\225ms\BASELINE_REPORT.md
