Creating fresh person_v2 plan (320ms) ...
plan_id=tMicBwyqdEWla

=== Module: opin-consents_api_preflight_test-module_v3 (plan person_v2) ===
  test_id=e1cSc0YLGNcFEhI
  [opin-consents_api_preflight_test-module_v3] status=CREATED result=None (0s)
  [opin-consents_api_preflight_test-module_v3] status=CREATED result=None (5s)
  [opin-consents_api_preflight_test-module_v3] status=FINISHED result=FAILED (10s)
  log saved to C:\Users\lucia_csx8nlz\MockOPIN\thesis\results\experiment1\320ms\person_v2__opin-consents_api_preflight_test-module_v3_20260731T131616Z.json (71 entries)

=== Module: person_api_core_test-module_v2.0.0 (plan person_v2) ===
  test_id=wPB2g2QjKc56jg6
  [person_api_core_test-module_v2.0.0] status=CREATED result=None (0s)
  [person_api_core_test-module_v2.0.0] status=RUNNING result=None (5s)
  [person_api_core_test-module_v2.0.0] status=RUNNING result=None (10s)
  [person_api_core_test-module_v2.0.0] status=WAITING result=None (15s)

  ======================================================================
  >>> MANUAL INTERACTION REQUIRED for [person_api_core_test-module_v2.0.0]
  >>> Open in browser: https://auth.local/auth?request_uri=urn:ietf:params:oauth:request_uri:KP9x8rOuolao5PaykP48dd9ziM-pl2KjuNTHiUYvUI4&client_id=client_one&redirect_uri=https://localhost.emobix.co.uk:8443/test/a/mock/callback&scope=openid%20insurance-person%20consent:urn:raidiaminsurance:101bbcda-6792-4c5c-a3e0-e07530faf7de&response_type=code%20id_token
  >>> Protocol: open the link ONCE, log in, select all
  >>> permissions and confirm, wait for the redirect (even if
  >>> the final landing page shows a connection error), then
  >>> come back here. Do NOT reload, reopen, or re-click the link:
  >>> a second hit on an already-used request_uri/interaction is
  >>> rejected by design and was the root cause of the earlier
  >>> INTERRUPTED/SessionNotFound failures.
  ======================================================================

  [person_api_core_test-module_v2.0.0] status=WAITING result=None (20s)
  [person_api_core_test-module_v2.0.0] status=WAITING result=None (25s)
  [person_api_core_test-module_v2.0.0] status=WAITING result=None (30s)
  [person_api_core_test-module_v2.0.0] status=WAITING result=None (35s)
  [person_api_core_test-module_v2.0.0] status=WAITING result=None (40s)
  [person_api_core_test-module_v2.0.0] status=WAITING result=None (45s)
  [person_api_core_test-module_v2.0.0] status=WAITING result=None (50s)
  [person_api_core_test-module_v2.0.0] status=WAITING result=None (55s)
  [person_api_core_test-module_v2.0.0] status=WAITING result=None (61s)
  [person_api_core_test-module_v2.0.0] status=WAITING result=None (67s)
  [person_api_core_test-module_v2.0.0] status=WAITING result=None (72s)
  [person_api_core_test-module_v2.0.0] status=WAITING result=None (77s)
  [person_api_core_test-module_v2.0.0] status=WAITING result=None (83s)
  [person_api_core_test-module_v2.0.0] status=WAITING result=None (89s)
  [person_api_core_test-module_v2.0.0] status=WAITING result=None (96s)
  [person_api_core_test-module_v2.0.0] status=WAITING result=None (101s)
  [person_api_core_test-module_v2.0.0] status=WAITING result=None (106s)
  [person_api_core_test-module_v2.0.0] status=WAITING result=None (111s)
  [person_api_core_test-module_v2.0.0] status=WAITING result=None (116s)
  [person_api_core_test-module_v2.0.0] status=WAITING result=None (121s)
  [person_api_core_test-module_v2.0.0] status=WAITING result=None (126s)
  [person_api_core_test-module_v2.0.0] status=WAITING result=None (132s)
  [person_api_core_test-module_v2.0.0] status=WAITING result=None (138s)
  [person_api_core_test-module_v2.0.0] status=WAITING result=None (143s)
  [person_api_core_test-module_v2.0.0] status=WAITING result=None (149s)
  [person_api_core_test-module_v2.0.0] status=WAITING result=None (155s)
  [person_api_core_test-module_v2.0.0] status=WAITING result=None (161s)
  [person_api_core_test-module_v2.0.0] status=WAITING result=None (167s)
  [person_api_core_test-module_v2.0.0] status=WAITING result=None (173s)
  [person_api_core_test-module_v2.0.0] status=WAITING result=None (179s)
  [person_api_core_test-module_v2.0.0] status=WAITING result=None (184s)
  [person_api_core_test-module_v2.0.0] status=WAITING result=None (192s)
  [person_api_core_test-module_v2.0.0] status=WAITING result=None (197s)
  [person_api_core_test-module_v2.0.0] status=WAITING result=None (204s)
  [person_api_core_test-module_v2.0.0] status=WAITING result=None (209s)
  [person_api_core_test-module_v2.0.0] status=WAITING result=None (214s)
  [person_api_core_test-module_v2.0.0] status=WAITING result=None (220s)
  [person_api_core_test-module_v2.0.0] status=WAITING result=None (226s)
  [person_api_core_test-module_v2.0.0] status=WAITING result=None (231s)
  [person_api_core_test-module_v2.0.0] status=WAITING result=None (238s)
  [person_api_core_test-module_v2.0.0] status=WAITING result=None (244s)
  [person_api_core_test-module_v2.0.0] status=WAITING result=None (249s)
  [person_api_core_test-module_v2.0.0] status=WAITING result=None (255s)
  [person_api_core_test-module_v2.0.0] status=WAITING result=None (262s)
  [person_api_core_test-module_v2.0.0] status=WAITING result=None (268s)
  [person_api_core_test-module_v2.0.0] status=WAITING result=None (274s)
  [person_api_core_test-module_v2.0.0] status=WAITING result=None (281s)
  [person_api_core_test-module_v2.0.0] status=WAITING result=None (287s)
  [person_api_core_test-module_v2.0.0] status=WAITING result=None (292s)
  [person_api_core_test-module_v2.0.0] status=WAITING result=None (299s)
  [person_api_core_test-module_v2.0.0] status=WAITING result=None (305s)
  [person_api_core_test-module_v2.0.0] status=WAITING result=None (312s)
  [person_api_core_test-module_v2.0.0] status=WAITING result=None (318s)
  [person_api_core_test-module_v2.0.0] status=WAITING result=None (325s)
  [person_api_core_test-module_v2.0.0] status=WAITING result=None (330s)
  [person_api_core_test-module_v2.0.0] status=WAITING result=None (336s)
  [person_api_core_test-module_v2.0.0] status=WAITING result=None (342s)
  [person_api_core_test-module_v2.0.0] status=WAITING result=None (348s)
  [person_api_core_test-module_v2.0.0] status=WAITING result=None (354s)
  [person_api_core_test-module_v2.0.0] status=WAITING result=None (360s)
  [person_api_core_test-module_v2.0.0] status=WAITING result=None (365s)
  [person_api_core_test-module_v2.0.0] status=WAITING result=None (370s)
  [person_api_core_test-module_v2.0.0] status=WAITING result=None (376s)
  [person_api_core_test-module_v2.0.0] status=WAITING result=None (381s)
  [person_api_core_test-module_v2.0.0] status=WAITING result=None (386s)
  [person_api_core_test-module_v2.0.0] status=WAITING result=None (391s)
  [person_api_core_test-module_v2.0.0] status=WAITING result=None (396s)
  [person_api_core_test-module_v2.0.0] status=WAITING result=None (401s)
  [person_api_core_test-module_v2.0.0] status=WAITING result=None (406s)
  [person_api_core_test-module_v2.0.0] status=WAITING result=None (411s)
  [person_api_core_test-module_v2.0.0] status=WAITING result=None (416s)
  [person_api_core_test-module_v2.0.0] status=WAITING result=None (421s)
  [person_api_core_test-module_v2.0.0] status=WAITING result=None (426s)
  [person_api_core_test-module_v2.0.0] status=WAITING result=None (432s)
  [person_api_core_test-module_v2.0.0] status=WAITING result=None (437s)
  [person_api_core_test-module_v2.0.0] status=WAITING result=None (442s)
  [person_api_core_test-module_v2.0.0] status=WAITING result=None (447s)
  [person_api_core_test-module_v2.0.0] status=WAITING result=None (452s)
  [person_api_core_test-module_v2.0.0] status=WAITING result=None (457s)
  [person_api_core_test-module_v2.0.0] status=WAITING result=None (462s)
  [person_api_core_test-module_v2.0.0] status=WAITING result=None (467s)
  [person_api_core_test-module_v2.0.0] status=WAITING result=None (472s)
  [person_api_core_test-module_v2.0.0] status=WAITING result=None (477s)
  [person_api_core_test-module_v2.0.0] status=WAITING result=None (482s)
  [person_api_core_test-module_v2.0.0] status=WAITING result=None (487s)
  [person_api_core_test-module_v2.0.0] status=WAITING result=None (492s)
  [person_api_core_test-module_v2.0.0] status=WAITING result=None (497s)
