Latency scenario: 225ms -> results go to C:\Users\lucia_csx8nlz\MockOPIN\thesis\results\experiment1\225ms

############ Plan: Insurance consents api test V3.0.0 (alias=consents_v3) ############
plan_id=nqOBEmsPhJMQ5

=== Module: opin-consents_api_preflight_test-module_v3 (plan consents_v3) ===
  test_id=9TwBp4bhqfgPdCb
  [opin-consents_api_preflight_test-module_v3] status=CREATED result=None (0s)
  [opin-consents_api_preflight_test-module_v3] status=CREATED result=None (5s)
  [opin-consents_api_preflight_test-module_v3] status=RUNNING result=FAILED (10s)
  [opin-consents_api_preflight_test-module_v3] status=FINISHED result=FAILED (15s)
  log saved to C:\Users\lucia_csx8nlz\MockOPIN\thesis\results\experiment1\225ms\consents_v3__opin-consents_api_preflight_test-module_v3_20260730T235837Z.json (71 entries)

=== Module: opin-consent-api-status-test-v3 (plan consents_v3) ===
  test_id=eYLnrKvOJ0SxKS4
  [opin-consent-api-status-test-v3] status=CREATED result=None (0s)
  [opin-consent-api-status-test-v3] status=RUNNING result=None (5s)
  [opin-consent-api-status-test-v3] status=RUNNING result=None (10s)
  [opin-consent-api-status-test-v3] status=WAITING result=None (15s)

  ======================================================================
  >>> MANUAL INTERACTION REQUIRED for [opin-consent-api-status-test-v3]
  >>> Open in browser: https://auth.local/auth?request_uri=urn:ietf:params:oauth:request_uri:i8AgzMhfklIPS30foh80pI9d7Ub3XSJsbCxCvQEy9zk&client_id=client_one&redirect_uri=https://localhost.emobix.co.uk:8443/test/a/mock/callback&scope=openid%20consents%20resources%20customers%20insurance-acceptance-and-branches-abroad%20insurance-auto%20insurance-financial-risk%20insurance-patrimonial%20insurance-responsibility%20consent:urn:raidiaminsurance:376bf9eb-7539-4694-8b4c-643dd5933bf2&response_type=code%20id_token
  >>> Protocol: open the link ONCE, log in, select all
  >>> permissions and confirm, wait for the redirect (even if
  >>> the final landing page shows a connection error), then
  >>> come back here. Do NOT reload, reopen, or re-click the link:
  >>> a second hit on an already-used request_uri/interaction is
  >>> rejected by design and was the root cause of the earlier
  >>> INTERRUPTED/SessionNotFound failures.
  ======================================================================

  [opin-consent-api-status-test-v3] status=WAITING result=None (20s)
  [opin-consent-api-status-test-v3] status=WAITING result=None (25s)
  [opin-consent-api-status-test-v3] status=WAITING result=None (30s)
  [opin-consent-api-status-test-v3] status=WAITING result=None (35s)
  [opin-consent-api-status-test-v3] status=WAITING result=None (40s)
  [opin-consent-api-status-test-v3] status=WAITING result=None (45s)
  [opin-consent-api-status-test-v3] status=WAITING result=None (50s)
  [opin-consent-api-status-test-v3] status=RUNNING result=None (56s)
  [opin-consent-api-status-test-v3] status=FINISHED result=PASSED (61s)
  log saved to C:\Users\lucia_csx8nlz\MockOPIN\thesis\results\experiment1\225ms\consents_v3__opin-consent-api-status-test-v3_20260730T235938Z.json (477 entries)

############ Plan: person_test-plan_v2.0.0 (alias=person_v2) ############
plan_id=zv5OduLnQiTmN

=== Module: opin-consents_api_preflight_test-module_v3 (plan person_v2) ===
  test_id=cbEKu9z8zf5Ko4J
  [opin-consents_api_preflight_test-module_v3] status=CREATED result=None (0s)
  [opin-consents_api_preflight_test-module_v3] status=CREATED result=None (5s)
  [opin-consents_api_preflight_test-module_v3] status=FINISHED result=FAILED (10s)
  log saved to C:\Users\lucia_csx8nlz\MockOPIN\thesis\results\experiment1\225ms\person_v2__opin-consents_api_preflight_test-module_v3_20260730T235949Z.json (71 entries)

=== Module: person_api_core_test-module_v2.0.0 (plan person_v2) ===
  test_id=d5nKyYBCnDtRVD0
  [person_api_core_test-module_v2.0.0] status=CREATED result=None (0s)
  [person_api_core_test-module_v2.0.0] status=CREATED result=None (5s)
  [person_api_core_test-module_v2.0.0] status=INTERRUPTED result=FAILED (10s)
  log saved to C:\Users\lucia_csx8nlz\MockOPIN\thesis\results\experiment1\225ms\person_v2__person_api_core_test-module_v2.0.0_20260731T000001Z.json (21 entries)

Collecting gateway handshake/OPIN-processing metrics...
  32 gateway access-log entries captured since 2026-07-30T23:58:21.730631+00:00

Metrics saved to C:\Users\lucia_csx8nlz\MockOPIN\thesis\results\experiment1\225ms\baseline_metrics.json
Report saved to C:\Users\lucia_csx8nlz\MockOPIN\thesis\results\experiment1\225ms\BASELINE_REPORT.md
