Latency scenario: 30ms -> results go to C:\Users\lucia_csx8nlz\MockOPIN\thesis\results\experiment1\30ms

############ Plan: Insurance consents api test V3.0.0 (alias=consents_v3) ############
plan_id=VaAW4U6VwD5vY

=== Module: opin-consents_api_preflight_test-module_v3 (plan consents_v3) ===
  test_id=Zjv89xLPEJC59cn
  [opin-consents_api_preflight_test-module_v3] status=CREATED result=None (0s)
  [opin-consents_api_preflight_test-module_v3] status=FINISHED result=FAILED (5s)
  log saved to C:\Users\lucia_csx8nlz\MockOPIN\thesis\results\experiment1\30ms\consents_v3__opin-consents_api_preflight_test-module_v3_20260803T193049Z.json (69 entries)

=== Module: opin-consent-api-status-test-v3 (plan consents_v3) ===
  test_id=LmUKPRQUqygcfPH
  [opin-consent-api-status-test-v3] status=CREATED result=None (0s)
  [opin-consent-api-status-test-v3] status=WAITING result=None (5s)

  ======================================================================
  >>> MANUAL INTERACTION REQUIRED for [opin-consent-api-status-test-v3]
  >>> Open in browser: https://auth.local/auth?request_uri=urn:ietf:params:oauth:request_uri:uaVUF86moxP128V3Iu__BkmQxs4zBf2zIOfoTlKjBFX&client_id=client_one&redirect_uri=https://localhost.emobix.co.uk:8443/test/a/mock/callback&scope=openid%20consents%20resources%20customers%20insurance-acceptance-and-branches-abroad%20insurance-auto%20insurance-financial-risk%20insurance-patrimonial%20insurance-responsibility%20consent:urn:raidiaminsurance:ed947026-28f9-4251-b596-804a4a45e3ac&response_type=code%20id_token
  >>> Protocol: open the link ONCE, log in, select all
  >>> permissions and confirm, wait for the redirect (even if
  >>> the final landing page shows a connection error), then
  >>> come back here. Do NOT reload, reopen, or re-click the link:
  >>> a second hit on an already-used request_uri/interaction is
  >>> rejected by design and was the root cause of the earlier
  >>> INTERRUPTED/SessionNotFound failures.
  ======================================================================

  [opin-consent-api-status-test-v3] status=WAITING result=None (10s)
  [opin-consent-api-status-test-v3] status=WAITING result=None (15s)
  [opin-consent-api-status-test-v3] status=WAITING result=None (20s)
  [opin-consent-api-status-test-v3] status=FINISHED result=PASSED (25s)
  log saved to C:\Users\lucia_csx8nlz\MockOPIN\thesis\results\experiment1\30ms\consents_v3__opin-consent-api-status-test-v3_20260803T193115Z.json (477 entries)

############ Plan: person_test-plan_v2.0.0 (alias=person_v2) ############
plan_id=NTB0JpBieYqZz

=== Module: opin-consents_api_preflight_test-module_v3 (plan person_v2) ===
  test_id=eMynp0Oo4uvKWGN
  [opin-consents_api_preflight_test-module_v3] status=CREATED result=None (0s)
  [opin-consents_api_preflight_test-module_v3] status=FINISHED result=FAILED (5s)
  log saved to C:\Users\lucia_csx8nlz\MockOPIN\thesis\results\experiment1\30ms\person_v2__opin-consents_api_preflight_test-module_v3_20260803T193120Z.json (69 entries)

=== Module: person_api_core_test-module_v2.0.0 (plan person_v2) ===
  test_id=MvRcu66X8EQ8Hqn
  [person_api_core_test-module_v2.0.0] status=CREATED result=None (0s)
  [person_api_core_test-module_v2.0.0] status=WAITING result=None (5s)

  ======================================================================
  >>> MANUAL INTERACTION REQUIRED for [person_api_core_test-module_v2.0.0]
  >>> Open in browser: https://auth.local/auth?request_uri=urn:ietf:params:oauth:request_uri:Eaa0tYkxPQuluNBCl6Yyx1g8IXdZDdPKQuLV9Ev0lvB&client_id=client_one&redirect_uri=https://localhost.emobix.co.uk:8443/test/a/mock/callback&scope=openid%20insurance-person%20consent:urn:raidiaminsurance:9b65eb02-7e22-4736-8674-f74f86c0c102&response_type=code%20id_token
  >>> Protocol: open the link ONCE, log in, select all
  >>> permissions and confirm, wait for the redirect (even if
  >>> the final landing page shows a connection error), then
  >>> come back here. Do NOT reload, reopen, or re-click the link:
  >>> a second hit on an already-used request_uri/interaction is
  >>> rejected by design and was the root cause of the earlier
  >>> INTERRUPTED/SessionNotFound failures.
  ======================================================================

  [person_api_core_test-module_v2.0.0] status=WAITING result=None (10s)
  [person_api_core_test-module_v2.0.0] status=WAITING result=None (15s)
  [person_api_core_test-module_v2.0.0] status=WAITING result=None (20s)
  [person_api_core_test-module_v2.0.0] status=FINISHED result=FAILED (25s)
  log saved to C:\Users\lucia_csx8nlz\MockOPIN\thesis\results\experiment1\30ms\person_v2__person_api_core_test-module_v2.0.0_20260803T193146Z.json (1095 entries)

Collecting gateway handshake/OPIN-processing metrics...
  55 gateway access-log entries captured since 2026-08-03T19:30:43.960415+00:00

Metrics saved to C:\Users\lucia_csx8nlz\MockOPIN\thesis\results\experiment1\30ms\baseline_metrics.json
Report saved to C:\Users\lucia_csx8nlz\MockOPIN\thesis\results\experiment1\30ms\BASELINE_REPORT.md
